Archive member included to satisfy reference by file (symbol)

c:/st/stm32cubeide_1.7.0/stm32cubeide/plugins/com.st.stm32cube.ide.mcu.externaltools.gnu-tools-for-stm32.9-2020-q2-update.win32_2.0.0.202105311346/tools/bin/../lib/gcc/arm-none-eabi/9.3.1/../../../../arm-none-eabi/lib/thumb/v7e-m+fp/hard\libc_nano.a(lib_a-errno.o)
                              ./Core/Src/syscalls.o (__errno)
c:/st/stm32cubeide_1.7.0/stm32cubeide/plugins/com.st.stm32cube.ide.mcu.externaltools.gnu-tools-for-stm32.9-2020-q2-update.win32_2.0.0.202105311346/tools/bin/../lib/gcc/arm-none-eabi/9.3.1/../../../../arm-none-eabi/lib/thumb/v7e-m+fp/hard\libc_nano.a(lib_a-exit.o)
                              c:/st/stm32cubeide_1.7.0/stm32cubeide/plugins/com.st.stm32cube.ide.mcu.externaltools.gnu-tools-for-stm32.9-2020-q2-update.win32_2.0.0.202105311346/tools/bin/../lib/gcc/arm-none-eabi/9.3.1/../../../../arm-none-eabi/lib/thumb/v7e-m+fp/hard/crt0.o (exit)
c:/st/stm32cubeide_1.7.0/stm32cubeide/plugins/com.st.stm32cube.ide.mcu.externaltools.gnu-tools-for-stm32.9-2020-q2-update.win32_2.0.0.202105311346/tools/bin/../lib/gcc/arm-none-eabi/9.3.1/../../../../arm-none-eabi/lib/thumb/v7e-m+fp/hard\libc_nano.a(lib_a-impure.o)
                              c:/st/stm32cubeide_1.7.0/stm32cubeide/plugins/com.st.stm32cube.ide.mcu.externaltools.gnu-tools-for-stm32.9-2020-q2-update.win32_2.0.0.202105311346/tools/bin/../lib/gcc/arm-none-eabi/9.3.1/../../../../arm-none-eabi/lib/thumb/v7e-m+fp/hard\libc_nano.a(lib_a-exit.o) (_global_impure_ptr)
c:/st/stm32cubeide_1.7.0/stm32cubeide/plugins/com.st.stm32cube.ide.mcu.externaltools.gnu-tools-for-stm32.9-2020-q2-update.win32_2.0.0.202105311346/tools/bin/../lib/gcc/arm-none-eabi/9.3.1/../../../../arm-none-eabi/lib/thumb/v7e-m+fp/hard\libc_nano.a(lib_a-init.o)
                              c:/st/stm32cubeide_1.7.0/stm32cubeide/plugins/com.st.stm32cube.ide.mcu.externaltools.gnu-tools-for-stm32.9-2020-q2-update.win32_2.0.0.202105311346/tools/bin/../lib/gcc/arm-none-eabi/9.3.1/../../../../arm-none-eabi/lib/thumb/v7e-m+fp/hard/crt0.o (__libc_init_array)
c:/st/stm32cubeide_1.7.0/stm32cubeide/plugins/com.st.stm32cube.ide.mcu.externaltools.gnu-tools-for-stm32.9-2020-q2-update.win32_2.0.0.202105311346/tools/bin/../lib/gcc/arm-none-eabi/9.3.1/../../../../arm-none-eabi/lib/thumb/v7e-m+fp/hard\libc_nano.a(lib_a-malloc.o)
                              ./Middlewares/ST/STM32_USB_Host_Library/Class/CDC/Src/usbh_cdc.o (malloc)
c:/st/stm32cubeide_1.7.0/stm32cubeide/plugins/com.st.stm32cube.ide.mcu.externaltools.gnu-tools-for-stm32.9-2020-q2-update.win32_2.0.0.202105311346/tools/bin/../lib/gcc/arm-none-eabi/9.3.1/../../../../arm-none-eabi/lib/thumb/v7e-m+fp/hard\libc_nano.a(lib_a-memset.o)
                              c:/st/stm32cubeide_1.7.0/stm32cubeide/plugins/com.st.stm32cube.ide.mcu.externaltools.gnu-tools-for-stm32.9-2020-q2-update.win32_2.0.0.202105311346/tools/bin/../lib/gcc/arm-none-eabi/9.3.1/../../../../arm-none-eabi/lib/thumb/v7e-m+fp/hard/crt0.o (memset)
c:/st/stm32cubeide_1.7.0/stm32cubeide/plugins/com.st.stm32cube.ide.mcu.externaltools.gnu-tools-for-stm32.9-2020-q2-update.win32_2.0.0.202105311346/tools/bin/../lib/gcc/arm-none-eabi/9.3.1/../../../../arm-none-eabi/lib/thumb/v7e-m+fp/hard\libc_nano.a(lib_a-nano-freer.o)
                              c:/st/stm32cubeide_1.7.0/stm32cubeide/plugins/com.st.stm32cube.ide.mcu.externaltools.gnu-tools-for-stm32.9-2020-q2-update.win32_2.0.0.202105311346/tools/bin/../lib/gcc/arm-none-eabi/9.3.1/../../../../arm-none-eabi/lib/thumb/v7e-m+fp/hard\libc_nano.a(lib_a-malloc.o) (_free_r)
c:/st/stm32cubeide_1.7.0/stm32cubeide/plugins/com.st.stm32cube.ide.mcu.externaltools.gnu-tools-for-stm32.9-2020-q2-update.win32_2.0.0.202105311346/tools/bin/../lib/gcc/arm-none-eabi/9.3.1/../../../../arm-none-eabi/lib/thumb/v7e-m+fp/hard\libc_nano.a(lib_a-nano-mallocr.o)
                              c:/st/stm32cubeide_1.7.0/stm32cubeide/plugins/com.st.stm32cube.ide.mcu.externaltools.gnu-tools-for-stm32.9-2020-q2-update.win32_2.0.0.202105311346/tools/bin/../lib/gcc/arm-none-eabi/9.3.1/../../../../arm-none-eabi/lib/thumb/v7e-m+fp/hard\libc_nano.a(lib_a-malloc.o) (_malloc_r)
c:/st/stm32cubeide_1.7.0/stm32cubeide/plugins/com.st.stm32cube.ide.mcu.externaltools.gnu-tools-for-stm32.9-2020-q2-update.win32_2.0.0.202105311346/tools/bin/../lib/gcc/arm-none-eabi/9.3.1/../../../../arm-none-eabi/lib/thumb/v7e-m+fp/hard\libc_nano.a(lib_a-sbrkr.o)
                              c:/st/stm32cubeide_1.7.0/stm32cubeide/plugins/com.st.stm32cube.ide.mcu.externaltools.gnu-tools-for-stm32.9-2020-q2-update.win32_2.0.0.202105311346/tools/bin/../lib/gcc/arm-none-eabi/9.3.1/../../../../arm-none-eabi/lib/thumb/v7e-m+fp/hard\libc_nano.a(lib_a-nano-mallocr.o) (_sbrk_r)
c:/st/stm32cubeide_1.7.0/stm32cubeide/plugins/com.st.stm32cube.ide.mcu.externaltools.gnu-tools-for-stm32.9-2020-q2-update.win32_2.0.0.202105311346/tools/bin/../lib/gcc/arm-none-eabi/9.3.1/../../../../arm-none-eabi/lib/thumb/v7e-m+fp/hard\libc_nano.a(lib_a-mlock.o)
[...]
Memory Configuration

Name             Origin             Length             Attributes
CCMRAM           0x0000000010000000 0x0000000000010000 xrw
RAM              0x0000000020000000 0x0000000000020000 xrw
FLASH            0x0000000008000000 0x0000000000100000 xr
*default*        0x0000000000000000 0xffffffffffffffff

Linker script and memory map

LOAD c:/st/stm32cubeide_1.7.0/stm32cubeide/plugins/com.st.stm32cube.ide.mcu.externaltools.gnu-tools-for-stm32.9-2020-q2-update.win32_2.0.0.202105311346/tools/bin/../lib/gcc/arm-none-eabi/9.3.1/thumb/v7e-m+fp/hard/crti.o
LOAD c:/st/stm32cubeide_1.7.0/stm32cubeide/plugins/com.st.stm32cube.ide.mcu.externaltools.gnu-tools-for-stm32.9-2020-q2-update.win32_2.0.0.202105311346/tools/bin/../lib/gcc/arm-none-eabi/9.3.1/thumb/v7e-m+fp/hard/crtbegin.o
LOAD c:/st/stm32cubeide_1.7.0/stm32cubeide/plugins/com.st.stm32cube.ide.mcu.externaltools.gnu-tools-for-stm32.9-2020-q2-update.win32_2.0.0.202105311346/tools/bin/../lib/gcc/arm-none-eabi/9.3.1/../../../../arm-none-eabi/lib/thumb/v7e-m+fp/hard/crt0.o
LOAD ./Core/Src/main.o
LOAD ./Core/Src/stm32f4xx_hal_msp.o
LOAD ./Core/Src/stm32f4xx_it.o
LOAD ./Core/Src/syscalls.o
LOAD ./Core/Src/sysmem.o
LOAD ./Core/Src/system_stm32f4xx.o
LOAD ./Core/Startup/startup_stm32f407vgtx.o
LOAD ./Drivers/STM32F4xx_HAL_Driver/Src/stm32f4xx_hal.o
LOAD ./Drivers/STM32F4xx_HAL_Driver/Src/stm32f4xx_hal_cortex.o
LOAD ./Drivers/STM32F4xx_HAL_Driver/Src/stm32f4xx_hal_dma.o
LOAD ./Drivers/STM32F4xx_HAL_Driver/Src/stm32f4xx_hal_dma_ex.o
LOAD ./Drivers/STM32F4xx_HAL_Driver/Src/stm32f4xx_hal_exti.o
LOAD ./Drivers/STM32F4xx_HAL_Driver/Src/stm32f4xx_hal_flash.o
LOAD ./Drivers/STM32F4xx_HAL_Driver/Src/stm32f4xx_hal_flash_ex.o
LOAD ./Drivers/STM32F4xx_HAL_Driver/Src/stm32f4xx_hal_flash_ramfunc.o
LOAD ./Drivers/STM32F4xx_HAL_Driver/Src/stm32f4xx_hal_gpio.o
LOAD ./Drivers/STM32F4xx_HAL_Driver/Src/stm32f4xx_hal_hcd.o
LOAD ./Drivers/STM32F4xx_HAL_Driver/Src/stm32f4xx_hal_i2c.o
LOAD ./Drivers/STM32F4xx_HAL_Driver/Src/stm32f4xx_hal_i2c_ex.o
LOAD ./Drivers/STM32F4xx_HAL_Driver/Src/stm32f4xx_hal_pwr.o
LOAD ./Drivers/STM32F4xx_HAL_Driver/Src/stm32f4xx_hal_pwr_ex.o
LOAD ./Drivers/STM32F4xx_HAL_Driver/Src/stm32f4xx_hal_rcc.o
LOAD ./Drivers/STM32F4xx_HAL_Driver/Src/stm32f4xx_hal_rcc_ex.o
LOAD ./Drivers/STM32F4xx_HAL_Driver/Src/stm32f4xx_hal_tim.o
LOAD ./Drivers/STM32F4xx_HAL_Driver/Src/stm32f4xx_hal_tim_ex.o
LOAD ./Drivers/STM32F4xx_HAL_Driver/Src/stm32f4xx_ll_usb.o
LOAD ./Middlewares/ST/STM32_USB_Host_Library/Class/CDC/Src/usbh_cdc.o
LOAD ./Middlewares/ST/STM32_USB_Host_Library/Core/Src/usbh_core.o
LOAD ./Middlewares/ST/STM32_USB_Host_Library/Core/Src/usbh_ctlreq.o
LOAD ./Middlewares/ST/STM32_USB_Host_Library/Core/Src/usbh_ioreq.o
LOAD ./Middlewares/ST/STM32_USB_Host_Library/Core/Src/usbh_pipes.o
LOAD ./USB_HOST/App/usb_host.o
LOAD ./USB_HOST/Target/usbh_conf.o
LOAD ./USB_HOST/Target/usbh_platform.o
START GROUP
LOAD c:/st/stm32cubeide_1.7.0/stm32cubeide/plugins/com.st.stm32cube.ide.mcu.externaltools.gnu-tools-for-stm32.9-2020-q2-update.win32_2.0.0.202105311346/tools/bin/../lib/gcc/arm-none-eabi/9.3.1/../../../../arm-none-eabi/lib/thumb/v7e-m+fp/hard\libc_nano.a
LOAD c:/st/stm32cubeide_1.7.0/stm32cubeide/plugins/com.st.stm32cube.ide.mcu.externaltools.gnu-tools-for-stm32.9-2020-q2-update.win32_2.0.0.202105311346/tools/bin/../lib/gcc/arm-none-eabi/9.3.1/../../../../arm-none-eabi/lib/thumb/v7e-m+fp/hard\libm.a
END GROUP
START GROUP
LOAD c:/st/stm32cubeide_1.7.0/stm32cubeide/plugins/com.st.stm32cube.ide.mcu.externaltools.gnu-tools-for-stm32.9-2020-q2-update.win32_2.0.0.202105311346/tools/bin/../lib/gcc/arm-none-eabi/9.3.1/thumb/v7e-m+fp/hard\libgcc.a
LOAD c:/st/stm32cubeide_1.7.0/stm32cubeide/plugins/com.st.stm32cube.ide.mcu.externaltools.gnu-tools-for-stm32.9-2020-q2-update.win32_2.0.0.202105311346/tools/bin/../lib/gcc/arm-none-eabi/9.3.1/../../../../arm-none-eabi/lib/thumb/v7e-m+fp/hard\libc_nano.a
END GROUP
START GROUP
LOAD c:/st/stm32cubeide_1.7.0/stm32cubeide/plugins/com.st.stm32cube.ide.mcu.externaltools.gnu-tools-for-stm32.9-2020-q2-update.win32_2.0.0.202105311346/tools/bin/../lib/gcc/arm-none-eabi/9.3.1/thumb/v7e-m+fp/hard\libgcc.a
LOAD c:/st/stm32cubeide_1.7.0/stm32cubeide/plugins/com.st.stm32cube.ide.mcu.externaltools.gnu-tools-for-stm32.9-2020-q2-update.win32_2.0.0.202105311346/tools/bin/../lib/gcc/arm-none-eabi/9.3.1/../../../../arm-none-eabi/lib/thumb/v7e-m+fp/hard\libc_nano.a
LOAD c:/st/stm32cubeide_1.7.0/stm32cubeide/plugins/com.st.stm32cube.ide.mcu.externaltools.gnu-tools-for-stm32.9-2020-q2-update.win32_2.0.0.202105311346/tools/bin/../lib/gcc/arm-none-eabi/9.3.1/../../../../arm-none-eabi/lib/thumb/v7e-m+fp/hard\libnosys.a
END GROUP
START GROUP
LOAD c:/st/stm32cubeide_1.7.0/stm32cubeide/plugins/com.st.stm32cube.ide.mcu.externaltools.gnu-tools-for-stm32.9-2020-q2-update.win32_2.0.0.202105311346/tools/bin/../lib/gcc/arm-none-eabi/9.3.1/thumb/v7e-m+fp/hard\libgcc.a
LOAD c:/st/stm32cubeide_1.7.0/stm32cubeide/plugins/com.st.stm32cube.ide.mcu.externaltools.gnu-tools-for-stm32.9-2020-q2-update.win32_2.0.0.202105311346/tools/bin/../lib/gcc/arm-none-eabi/9.3.1/../../../../arm-none-eabi/lib/thumb/v7e-m+fp/hard\libc_nano.a
LOAD c:/st/stm32cubeide_1.7.0/stm32cubeide/plugins/com.st.stm32cube.ide.mcu.externaltools.gnu-tools-for-stm32.9-2020-q2-update.win32_2.0.0.202105311346/tools/bin/../lib/gcc/arm-none-eabi/9.3.1/../../../../arm-none-eabi/lib/thumb/v7e-m+fp/hard\libnosys.a
END GROUP
LOAD c:/st/stm32cubeide_1.7.0/stm32cubeide/plugins/com.st.stm32cube.ide.mcu.externaltools.gnu-tools-for-stm32.9-2020-q2-update.win32_2.0.0.202105311346/tools/bin/../lib/gcc/arm-none-eabi/9.3.1/thumb/v7e-m+fp/hard/crtend.o
LOAD c:/st/stm32cubeide_1.7.0/stm32cubeide/plugins/com.st.stm32cube.ide.mcu.externaltools.gnu-tools-for-stm32.9-2020-q2-update.win32_2.0.0.202105311346/tools/bin/../lib/gcc/arm-none-eabi/9.3.1/thumb/v7e-m+fp/hard/crtn.o
                0x0000000020020000                _estack = (ORIGIN (RAM) + LENGTH (RAM))
                0x0000000000000200                _Min_Heap_Size = 0x200
                0x0000000000000400                _Min_Stack_Size = 0x400

.isr_vector     0x0000000008000000      0x188
                0x0000000008000000                . = ALIGN (0x4)
 *(.isr_vector)
 .isr_vector    0x0000000008000000      0x188 ./Core/Startup/startup_stm32f407vgtx.o
                0x0000000008000000                g_pfnVectors
                0x0000000008000188                . = ALIGN (0x4)

.text           0x0000000008000188     0x6b8c
                0x0000000008000188                . = ALIGN (0x4)
 *(.text)
 .text          0x0000000008000188       0x40 c:/st/stm32cubeide_1.7.0/stm32cubeide/plugins/com.st.stm32cube.ide.mcu.externaltools.gnu-tools-for-stm32.9-2020-q2-update.win32_2.0.0.202105311346/tools/bin/../lib/gcc/arm-none-eabi/9.3.1/thumb/v7e-m+fp/hard/crtbegin.o
 .text          0x00000000080001c8       0x30 c:/st/stm32cubeide_1.7.0/stm32cubeide/plugins/com.st.stm32cube.ide.mcu.externaltools.gnu-tools-for-stm32.9-2020-q2-update.win32_2.0.0.202105311346/tools/bin/../lib/gcc/arm-none-eabi/9.3.1/thumb/v7e-m+fp/hard\libgcc.a(_aeabi_uldivmod.o)
                0x00000000080001c8                __aeabi_uldivmod
 .text          0x00000000080001f8      0x2c4 c:/st/stm32cubeide_1.7.0/stm32cubeide/plugins/com.st.stm32cube.ide.mcu.externaltools.gnu-tools-for-stm32.9-2020-q2-update.win32_2.0.0.202105311346/tools/bin/../lib/gcc/arm-none-eabi/9.3.1/thumb/v7e-m+fp/hard\libgcc.a(_udivmoddi4.o)
                0x00000000080001f8                __udivmoddi4
 .text          0x00000000080004bc        0x4 c:/st/stm32cubeide_1.7.0/stm32cubeide/plugins/com.st.stm32cube.ide.mcu.externaltools.gnu-tools-for-stm32.9-2020-q2-update.win32_2.0.0.202105311346/tools/bin/../lib/gcc/arm-none-eabi/9.3.1/thumb/v7e-m+fp/hard\libgcc.a(_dvmd_tls.o)
                0x00000000080004bc                __aeabi_idiv0
                0x00000000080004bc                __aeabi_ldiv0
 *(.text*)
 .text.main     0x00000000080004c0       0x30 ./Core/Src/main.o
                0x00000000080004c0                main
 .text.SystemClock_Config
                0x00000000080004f0       0xd4 ./Core/Src/main.o
                0x00000000080004f0                SystemClock_Config
 .text.MX_I2C1_Init
                0x00000000080005c4       0x5c ./Core/Src/main.o
 .text.MX_GPIO_Init
                0x0000000008000620      0x244 ./Core/Src/main.o
 .text.Error_Handler
                0x0000000008000864        0xa ./Core/Src/main.o
                0x0000000008000864                Error_Handler
 *fill*         0x000000000800086e        0x2 
 .text.HAL_MspInit
                0x0000000008000870       0x50 ./Core/Src/stm32f4xx_hal_msp.o
                0x0000000008000870                HAL_MspInit
 .text.HAL_I2C_MspInit
                0x00000000080008c0       0x90 ./Core/Src/stm32f4xx_hal_msp.o
                0x00000000080008c0                HAL_I2C_MspInit
 .text.NMI_Handler
                0x0000000008000950        0x6 ./Core/Src/stm32f4xx_it.o
                0x0000000008000950                NMI_Handler
 .text.HardFault_Handler
                0x0000000008000956        0x6 ./Core/Src/stm32f4xx_it.o
                0x0000000008000956                HardFault_Handler
 .text.MemManage_Handler
                0x000000000800095c        0x6 ./Core/Src/stm32f4xx_it.o
                0x000000000800095c                MemManage_Handler
 .text.BusFault_Handler
                0x0000000008000962        0x6 ./Core/Src/stm32f4xx_it.o
                0x0000000008000962                BusFault_Handler
 .text.UsageFault_Handler
                0x0000000008000968        0x6 ./Core/Src/stm32f4xx_it.o
                0x0000000008000968                UsageFault_Handler
 .text.SVC_Handler
                0x000000000800096e        0xe ./Core/Src/stm32f4xx_it.o
                0x000000000800096e                SVC_Handler
 .text.DebugMon_Handler
                0x000000000800097c        0xe ./Core/Src/stm32f4xx_it.o
                0x000000000800097c                DebugMon_Handler
 .text.PendSV_Handler
                0x000000000800098a        0xe ./Core/Src/stm32f4xx_it.o
                0x000000000800098a                PendSV_Handler
 .text.SysTick_Handler
                0x0000000008000998        0xc ./Core/Src/stm32f4xx_it.o
                0x0000000008000998                SysTick_Handler
 .text.OTG_FS_IRQHandler
                0x00000000080009a4       0x14 ./Core/Src/stm32f4xx_it.o
                0x00000000080009a4                OTG_FS_IRQHandler
 .text._sbrk    0x00000000080009b8       0x6c ./Core/Src/sysmem.o
                0x00000000080009b8                _sbrk
 .text.SystemInit
                0x0000000008000a24       0x24 ./Core/Src/system_stm32f4xx.o
                0x0000000008000a24                SystemInit
 .text.Reset_Handler
                0x0000000008000a48       0x50 ./Core/Startup/startup_stm32f407vgtx.o
                0x0000000008000a48                Reset_Handler
 .text.Default_Handler
                0x0000000008000a98        0x2 ./Core/Startup/startup_stm32f407vgtx.o
                0x0000000008000a98                RTC_Alarm_IRQHandler
                0x0000000008000a98                HASH_RNG_IRQHandler
                0x0000000008000a98                EXTI2_IRQHandler
                0x0000000008000a98                TIM8_CC_IRQHandler
                0x0000000008000a98                TIM1_CC_IRQHandler
                0x0000000008000a98                DMA2_Stream5_IRQHandler
                0x0000000008000a98                DMA1_Stream5_IRQHandler
                0x0000000008000a98                PVD_IRQHandler
                0x0000000008000a98                SDIO_IRQHandler
                0x0000000008000a98                TAMP_STAMP_IRQHandler
                0x0000000008000a98                CAN2_RX1_IRQHandler
                0x0000000008000a98                EXTI3_IRQHandler
                0x0000000008000a98                TIM8_TRG_COM_TIM14_IRQHandler
                0x0000000008000a98                TIM1_UP_TIM10_IRQHandler
                0x0000000008000a98                TIM8_UP_TIM13_IRQHandler
                0x0000000008000a98                I2C3_ER_IRQHandler
                0x0000000008000a98                EXTI0_IRQHandler
                0x0000000008000a98                I2C2_EV_IRQHandler
                0x0000000008000a98                DMA1_Stream2_IRQHandler
                0x0000000008000a98                CAN1_RX0_IRQHandler
                0x0000000008000a98                FPU_IRQHandler
                0x0000000008000a98                OTG_HS_WKUP_IRQHandler
                0x0000000008000a98                CAN2_SCE_IRQHandler
                0x0000000008000a98                DMA2_Stream2_IRQHandler
                0x0000000008000a98                SPI1_IRQHandler
                0x0000000008000a98                TIM6_DAC_IRQHandler
                0x0000000008000a98                TIM1_BRK_TIM9_IRQHandler
                0x0000000008000a98                DCMI_IRQHandler
                0x0000000008000a98                CAN2_RX0_IRQHandler
                0x0000000008000a98                DMA2_Stream3_IRQHandler
                0x0000000008000a98                USART6_IRQHandler
                0x0000000008000a98                USART3_IRQHandler
                0x0000000008000a98                CAN1_RX1_IRQHandler
                0x0000000008000a98                UART5_IRQHandler
                0x0000000008000a98                DMA2_Stream0_IRQHandler
                0x0000000008000a98                TIM4_IRQHandler
                0x0000000008000a98                I2C1_EV_IRQHandler
                0x0000000008000a98                DMA1_Stream6_IRQHandler
                0x0000000008000a98                DMA1_Stream1_IRQHandler
                0x0000000008000a98                UART4_IRQHandler
                0x0000000008000a98                TIM3_IRQHandler
                0x0000000008000a98                RCC_IRQHandler
                0x0000000008000a98                TIM8_BRK_TIM12_IRQHandler
                0x0000000008000a98                Default_Handler
                0x0000000008000a98                EXTI15_10_IRQHandler
                0x0000000008000a98                ADC_IRQHandler
                0x0000000008000a98                DMA1_Stream7_IRQHandler
                0x0000000008000a98                TIM7_IRQHandler
                0x0000000008000a98                CAN2_TX_IRQHandler
                0x0000000008000a98                TIM5_IRQHandler
                0x0000000008000a98                DMA2_Stream7_IRQHandler
                0x0000000008000a98                I2C3_EV_IRQHandler
                0x0000000008000a98                EXTI9_5_IRQHandler
                0x0000000008000a98                RTC_WKUP_IRQHandler
                0x0000000008000a98                ETH_WKUP_IRQHandler
                0x0000000008000a98                SPI2_IRQHandler
                0x0000000008000a98                OTG_HS_EP1_IN_IRQHandler
                0x0000000008000a98                DMA1_Stream0_IRQHandler
                0x0000000008000a98                CAN1_TX_IRQHandler
                0x0000000008000a98                EXTI4_IRQHandler
                0x0000000008000a98                FSMC_IRQHandler
                0x0000000008000a98                ETH_IRQHandler
                0x0000000008000a98                OTG_HS_EP1_OUT_IRQHandler
                0x0000000008000a98                WWDG_IRQHandler
                0x0000000008000a98                TIM2_IRQHandler
                0x0000000008000a98                OTG_FS_WKUP_IRQHandler
                0x0000000008000a98                TIM1_TRG_COM_TIM11_IRQHandler
                0x0000000008000a98                OTG_HS_IRQHandler
                0x0000000008000a98                EXTI1_IRQHandler
                0x0000000008000a98                USART2_IRQHandler
                0x0000000008000a98                I2C2_ER_IRQHandler
                0x0000000008000a98                DMA2_Stream1_IRQHandler
                0x0000000008000a98                CAN1_SCE_IRQHandler
                0x0000000008000a98                FLASH_IRQHandler
                0x0000000008000a98                DMA2_Stream4_IRQHandler
                0x0000000008000a98                USART1_IRQHandler
                0x0000000008000a98                SPI3_IRQHandler
                0x0000000008000a98                DMA1_Stream4_IRQHandler
                0x0000000008000a98                I2C1_ER_IRQHandler
                0x0000000008000a98                DMA2_Stream6_IRQHandler
                0x0000000008000a98                DMA1_Stream3_IRQHandler
 *fill*         0x0000000008000a9a        0x2 
 .text.HAL_Init
                0x0000000008000a9c       0x44 ./Drivers/STM32F4xx_HAL_Driver/Src/stm32f4xx_hal.o
                0x0000000008000a9c                HAL_Init
 .text.HAL_InitTick
                0x0000000008000ae0       0x60 ./Drivers/STM32F4xx_HAL_Driver/Src/stm32f4xx_hal.o
                0x0000000008000ae0                HAL_InitTick
 .text.HAL_IncTick
                0x0000000008000b40       0x28 ./Drivers/STM32F4xx_HAL_Driver/Src/stm32f4xx_hal.o
                0x0000000008000b40                HAL_IncTick
 .text.HAL_GetTick
                0x0000000008000b68       0x18 ./Drivers/STM32F4xx_HAL_Driver/Src/stm32f4xx_hal.o
                0x0000000008000b68                HAL_GetTick
 .text.HAL_Delay
                0x0000000008000b80       0x48 ./Drivers/STM32F4xx_HAL_Driver/Src/stm32f4xx_hal.o
                0x0000000008000b80                HAL_Delay
 .text.__NVIC_SetPriorityGrouping
                0x0000000008000bc8       0x48 ./Drivers/STM32F4xx_HAL_Driver/Src/stm32f4xx_hal_cortex.o
 .text.__NVIC_GetPriorityGrouping
                0x0000000008000c10       0x1c ./Drivers/STM32F4xx_HAL_Driver/Src/stm32f4xx_hal_cortex.o
 .text.__NVIC_EnableIRQ
                0x0000000008000c2c       0x3c ./Drivers/STM32F4xx_HAL_Driver/Src/stm32f4xx_hal_cortex.o
 .text.__NVIC_SetPriority
                0x0000000008000c68       0x54 ./Drivers/STM32F4xx_HAL_Driver/Src/stm32f4xx_hal_cortex.o
 .text.NVIC_EncodePriority
                0x0000000008000cbc       0x66 ./Drivers/STM32F4xx_HAL_Driver/Src/stm32f4xx_hal_cortex.o
 *fill*         0x0000000008000d22        0x2 
 .text.SysTick_Config
                0x0000000008000d24       0x44 ./Drivers/STM32F4xx_HAL_Driver/Src/stm32f4xx_hal_cortex.o
 .text.HAL_NVIC_SetPriorityGrouping
                0x0000000008000d68       0x16 ./Drivers/STM32F4xx_HAL_Driver/Src/stm32f4xx_hal_cortex.o
                0x0000000008000d68                HAL_NVIC_SetPriorityGrouping
 .text.HAL_NVIC_SetPriority
                0x0000000008000d7e       0x38 ./Drivers/STM32F4xx_HAL_Driver/Src/stm32f4xx_hal_cortex.o
                0x0000000008000d7e                HAL_NVIC_SetPriority
 .text.HAL_NVIC_EnableIRQ
                0x0000000008000db6       0x1c ./Drivers/STM32F4xx_HAL_Driver/Src/stm32f4xx_hal_cortex.o
                0x0000000008000db6                HAL_NVIC_EnableIRQ
 .text.HAL_SYSTICK_Config
                0x0000000008000dd2       0x18 ./Drivers/STM32F4xx_HAL_Driver/Src/stm32f4xx_hal_cortex.o
                0x0000000008000dd2                HAL_SYSTICK_Config
 *fill*         0x0000000008000dea        0x2 
 .text.HAL_GPIO_Init
                0x0000000008000dec      0x338 ./Drivers/STM32F4xx_HAL_Driver/Src/stm32f4xx_hal_gpio.o
                0x0000000008000dec                HAL_GPIO_Init
 .text.HAL_GPIO_WritePin
                0x0000000008001124       0x32 ./Drivers/STM32F4xx_HAL_Driver/Src/stm32f4xx_hal_gpio.o
                0x0000000008001124                HAL_GPIO_WritePin
 .text.HAL_HCD_Init
                0x0000000008001156       0xc4 ./Drivers/STM32F4xx_HAL_Driver/Src/stm32f4xx_hal_hcd.o
                0x0000000008001156                HAL_HCD_Init
 .text.HAL_HCD_HC_Init
                0x000000000800121a      0x11e ./Drivers/STM32F4xx_HAL_Driver/Src/stm32f4xx_hal_hcd.o
                0x000000000800121a                HAL_HCD_HC_Init
 .text.HAL_HCD_HC_Halt
                0x0000000008001338       0x46 ./Drivers/STM32F4xx_HAL_Driver/Src/stm32f4xx_hal_hcd.o
                0x0000000008001338                HAL_HCD_HC_Halt
 *fill*         0x000000000800137e        0x2 
 .text.HAL_HCD_HC_SubmitRequest
                0x0000000008001380      0x2ac ./Drivers/STM32F4xx_HAL_Driver/Src/stm32f4xx_hal_hcd.o
                0x0000000008001380                HAL_HCD_HC_SubmitRequest
 .text.HAL_HCD_IRQHandler
                0x000000000800162c      0x216 ./Drivers/STM32F4xx_HAL_Driver/Src/stm32f4xx_hal_hcd.o
                0x000000000800162c                HAL_HCD_IRQHandler
 .text.HAL_HCD_Start
                0x0000000008001842       0x46 ./Drivers/STM32F4xx_HAL_Driver/Src/stm32f4xx_hal_hcd.o
                0x0000000008001842                HAL_HCD_Start
 .text.HAL_HCD_Stop
                0x0000000008001888       0x3a ./Drivers/STM32F4xx_HAL_Driver/Src/stm32f4xx_hal_hcd.o
                0x0000000008001888                HAL_HCD_Stop
 .text.HAL_HCD_ResetPort
                0x00000000080018c2       0x1c ./Drivers/STM32F4xx_HAL_Driver/Src/stm32f4xx_hal_hcd.o
                0x00000000080018c2                HAL_HCD_ResetPort
 .text.HAL_HCD_HC_GetURBState
                0x00000000080018de       0x28 ./Drivers/STM32F4xx_HAL_Driver/Src/stm32f4xx_hal_hcd.o
                0x00000000080018de                HAL_HCD_HC_GetURBState
 .text.HAL_HCD_HC_GetXferCount
                0x0000000008001906       0x28 ./Drivers/STM32F4xx_HAL_Driver/Src/stm32f4xx_hal_hcd.o
                0x0000000008001906                HAL_HCD_HC_GetXferCount
 .text.HAL_HCD_GetCurrentFrame
                0x000000000800192e       0x1c ./Drivers/STM32F4xx_HAL_Driver/Src/stm32f4xx_hal_hcd.o
                0x000000000800192e                HAL_HCD_GetCurrentFrame
 .text.HAL_HCD_GetCurrentSpeed
                0x000000000800194a       0x1c ./Drivers/STM32F4xx_HAL_Driver/Src/stm32f4xx_hal_hcd.o
                0x000000000800194a                HAL_HCD_GetCurrentSpeed
 .text.HCD_HC_IN_IRQHandler
                0x0000000008001966      0x844 ./Drivers/STM32F4xx_HAL_Driver/Src/stm32f4xx_hal_hcd.o
 .text.HCD_HC_OUT_IRQHandler
                0x00000000080021aa      0x802 ./Drivers/STM32F4xx_HAL_Driver/Src/stm32f4xx_hal_hcd.o
 .text.HCD_RXQLVL_IRQHandler
                0x00000000080029ac      0x1a4 ./Drivers/STM32F4xx_HAL_Driver/Src/stm32f4xx_hal_hcd.o
 .text.HCD_Port_IRQHandler
                0x0000000008002b50       0xe6 ./Drivers/STM32F4xx_HAL_Driver/Src/stm32f4xx_hal_hcd.o
 *fill*         0x0000000008002c36        0x2 
 .text.HAL_I2C_Init
                0x0000000008002c38      0x288 ./Drivers/STM32F4xx_HAL_Driver/Src/stm32f4xx_hal_i2c.o
                0x0000000008002c38                HAL_I2C_Init
 .text.HAL_RCC_OscConfig
                0x0000000008002ec0      0x4f0 ./Drivers/STM32F4xx_HAL_Driver/Src/stm32f4xx_hal_rcc.o
                0x0000000008002ec0                HAL_RCC_OscConfig
 .text.HAL_RCC_ClockConfig
                0x00000000080033b0      0x1cc ./Drivers/STM32F4xx_HAL_Driver/Src/stm32f4xx_hal_rcc.o
                0x00000000080033b0                HAL_RCC_ClockConfig
 .text.HAL_RCC_GetSysClockFreq
                0x000000000800357c      0x1c4 ./Drivers/STM32F4xx_HAL_Driver/Src/stm32f4xx_hal_rcc.o
                0x000000000800357c                HAL_RCC_GetSysClockFreq
 .text.HAL_RCC_GetHCLKFreq
                0x0000000008003740       0x18 ./Drivers/STM32F4xx_HAL_Driver/Src/stm32f4xx_hal_rcc.o
                0x0000000008003740                HAL_RCC_GetHCLKFreq
 .text.HAL_RCC_GetPCLK1Freq
                0x0000000008003758       0x28 ./Drivers/STM32F4xx_HAL_Driver/Src/stm32f4xx_hal_rcc.o
                0x0000000008003758                HAL_RCC_GetPCLK1Freq
 .text.USB_CoreInit
                0x0000000008003780       0xc2 ./Drivers/STM32F4xx_HAL_Driver/Src/stm32f4xx_ll_usb.o
                0x0000000008003780                USB_CoreInit
 .text.USB_EnableGlobalInt
                0x0000000008003842       0x22 ./Drivers/STM32F4xx_HAL_Driver/Src/stm32f4xx_ll_usb.o
                0x0000000008003842                USB_EnableGlobalInt
 .text.USB_DisableGlobalInt
                0x0000000008003864       0x22 ./Drivers/STM32F4xx_HAL_Driver/Src/stm32f4xx_ll_usb.o
                0x0000000008003864                USB_DisableGlobalInt
 .text.USB_SetCurrentMode
                0x0000000008003886       0x98 ./Drivers/STM32F4xx_HAL_Driver/Src/stm32f4xx_ll_usb.o
                0x0000000008003886                USB_SetCurrentMode
 *fill*         0x000000000800391e        0x2 
 .text.USB_FlushTxFifo
                0x0000000008003920       0x48 ./Drivers/STM32F4xx_HAL_Driver/Src/stm32f4xx_ll_usb.o
                0x0000000008003920                USB_FlushTxFifo
 .text.USB_FlushRxFifo
                0x0000000008003968       0x40 ./Drivers/STM32F4xx_HAL_Driver/Src/stm32f4xx_ll_usb.o
                0x0000000008003968                USB_FlushRxFifo
 .text.USB_WritePacket
                0x00000000080039a8       0x7c ./Drivers/STM32F4xx_HAL_Driver/Src/stm32f4xx_ll_usb.o
                0x00000000080039a8                USB_WritePacket
 .text.USB_ReadPacket
                0x0000000008003a24       0xb0 ./Drivers/STM32F4xx_HAL_Driver/Src/stm32f4xx_ll_usb.o
                0x0000000008003a24                USB_ReadPacket
 .text.USB_ReadInterrupts
                0x0000000008003ad4       0x26 ./Drivers/STM32F4xx_HAL_Driver/Src/stm32f4xx_ll_usb.o
                0x0000000008003ad4                USB_ReadInterrupts
 .text.USB_GetMode
                0x0000000008003afa       0x1c ./Drivers/STM32F4xx_HAL_Driver/Src/stm32f4xx_ll_usb.o
                0x0000000008003afa                USB_GetMode
 *fill*         0x0000000008003b16        0x2 
 .text.USB_CoreReset
                0x0000000008003b18       0x64 ./Drivers/STM32F4xx_HAL_Driver/Src/stm32f4xx_ll_usb.o
 .text.USB_HostInit
                0x0000000008003b7c      0x168 ./Drivers/STM32F4xx_HAL_Driver/Src/stm32f4xx_ll_usb.o
                0x0000000008003b7c                USB_HostInit
 .text.USB_InitFSLSPClkSel
                0x0000000008003ce4       0x74 ./Drivers/STM32F4xx_HAL_Driver/Src/stm32f4xx_ll_usb.o
                0x0000000008003ce4                USB_InitFSLSPClkSel
 .text.USB_ResetPort
                0x0000000008003d58       0x54 ./Drivers/STM32F4xx_HAL_Driver/Src/stm32f4xx_ll_usb.o
                0x0000000008003d58                USB_ResetPort
 .text.USB_DriveVbus
                0x0000000008003dac       0x72 ./Drivers/STM32F4xx_HAL_Driver/Src/stm32f4xx_ll_usb.o
                0x0000000008003dac                USB_DriveVbus
 .text.USB_GetHostSpeed
                0x0000000008003e1e       0x2e ./Drivers/STM32F4xx_HAL_Driver/Src/stm32f4xx_ll_usb.o
                0x0000000008003e1e                USB_GetHostSpeed
 .text.USB_GetCurrentFrame
                0x0000000008003e4c       0x22 ./Drivers/STM32F4xx_HAL_Driver/Src/stm32f4xx_ll_usb.o
                0x0000000008003e4c                USB_GetCurrentFrame
 *fill*         0x0000000008003e6e        0x2 
 .text.USB_HC_Init
                0x0000000008003e70      0x21c ./Drivers/STM32F4xx_HAL_Driver/Src/stm32f4xx_ll_usb.o
                0x0000000008003e70                USB_HC_Init
 .text.USB_HC_StartXfer
                0x000000000800408c      0x284 ./Drivers/STM32F4xx_HAL_Driver/Src/stm32f4xx_ll_usb.o
                0x000000000800408c                USB_HC_StartXfer
 .text.USB_HC_ReadInterrupt
                0x0000000008004310       0x22 ./Drivers/STM32F4xx_HAL_Driver/Src/stm32f4xx_ll_usb.o
                0x0000000008004310                USB_HC_ReadInterrupt
 .text.USB_HC_Halt
                0x0000000008004332      0x238 ./Drivers/STM32F4xx_HAL_Driver/Src/stm32f4xx_ll_usb.o
                0x0000000008004332                USB_HC_Halt
 *fill*         0x000000000800456a        0x2 
 .text.USB_DoPing
                0x000000000800456c       0x78 ./Drivers/STM32F4xx_HAL_Driver/Src/stm32f4xx_ll_usb.o
                0x000000000800456c                USB_DoPing
 .text.USB_StopHost
                0x00000000080045e4      0x10c ./Drivers/STM32F4xx_HAL_Driver/Src/stm32f4xx_ll_usb.o
                0x00000000080045e4                USB_StopHost
 .text.USBH_CDC_InterfaceInit
                0x00000000080046f0      0x2ac ./Middlewares/ST/STM32_USB_Host_Library/Class/CDC/Src/usbh_cdc.o
 .text.USBH_CDC_InterfaceDeInit
                0x000000000800499c       0xb2 ./Middlewares/ST/STM32_USB_Host_Library/Class/CDC/Src/usbh_cdc.o
 .text.USBH_CDC_ClassRequest
                0x0000000008004a4e       0x3e ./Middlewares/ST/STM32_USB_Host_Library/Class/CDC/Src/usbh_cdc.o
 .text.USBH_CDC_Process
                0x0000000008004a8c      0x12c ./Middlewares/ST/STM32_USB_Host_Library/Class/CDC/Src/usbh_cdc.o
 .text.USBH_CDC_SOFProcess
                0x0000000008004bb8       0x16 ./Middlewares/ST/STM32_USB_Host_Library/Class/CDC/Src/usbh_cdc.o
 .text.GetLineCoding
                0x0000000008004bce       0x3e ./Middlewares/ST/STM32_USB_Host_Library/Class/CDC/Src/usbh_cdc.o
 .text.SetLineCoding
                0x0000000008004c0c       0x3e ./Middlewares/ST/STM32_USB_Host_Library/Class/CDC/Src/usbh_cdc.o
 .text.CDC_ProcessTransmission
                0x0000000008004c4a       0xec ./Middlewares/ST/STM32_USB_Host_Library/Class/CDC/Src/usbh_cdc.o
 .text.CDC_ProcessReception
                0x0000000008004d36       0xb6 ./Middlewares/ST/STM32_USB_Host_Library/Class/CDC/Src/usbh_cdc.o
 .text.USBH_CDC_TransmitCallback
                0x0000000008004dec       0x14 ./Middlewares/ST/STM32_USB_Host_Library/Class/CDC/Src/usbh_cdc.o
                0x0000000008004dec                USBH_CDC_TransmitCallback
 .text.USBH_CDC_ReceiveCallback
                0x0000000008004e00       0x14 ./Middlewares/ST/STM32_USB_Host_Library/Class/CDC/Src/usbh_cdc.o
                0x0000000008004e00                USBH_CDC_ReceiveCallback
 .text.USBH_CDC_LineCodingChanged
                0x0000000008004e14       0x14 ./Middlewares/ST/STM32_USB_Host_Library/Class/CDC/Src/usbh_cdc.o
                0x0000000008004e14                USBH_CDC_LineCodingChanged
 .text.USBH_Init
                0x0000000008004e28       0x74 ./Middlewares/ST/STM32_USB_Host_Library/Core/Src/usbh_core.o
                0x0000000008004e28                USBH_Init
 .text.DeInitStateMachine
                0x0000000008004e9c       0xa8 ./Middlewares/ST/STM32_USB_Host_Library/Core/Src/usbh_core.o
 .text.USBH_RegisterClass
                0x0000000008004f44       0x54 ./Middlewares/ST/STM32_USB_Host_Library/Core/Src/usbh_core.o
                0x0000000008004f44                USBH_RegisterClass
 .text.USBH_SelectInterface
                0x0000000008004f98       0x38 ./Middlewares/ST/STM32_USB_Host_Library/Core/Src/usbh_core.o
                0x0000000008004f98                USBH_SelectInterface
 .text.USBH_FindInterface
                0x0000000008004fd0       0x8c ./Middlewares/ST/STM32_USB_Host_Library/Core/Src/usbh_core.o
                0x0000000008004fd0                USBH_FindInterface
 .text.USBH_Start
                0x000000000800505c       0x20 ./Middlewares/ST/STM32_USB_Host_Library/Core/Src/usbh_core.o
                0x000000000800505c                USBH_Start
 .text.USBH_Process
                0x000000000800507c      0x3c0 ./Middlewares/ST/STM32_USB_Host_Library/Core/Src/usbh_core.o
                0x000000000800507c                USBH_Process
 .text.USBH_HandleEnum
                0x000000000800543c      0x3c8 ./Middlewares/ST/STM32_USB_Host_Library/Core/Src/usbh_core.o
 .text.USBH_LL_SetTimer
                0x0000000008005804       0x1e ./Middlewares/ST/STM32_USB_Host_Library/Core/Src/usbh_core.o
                0x0000000008005804                USBH_LL_SetTimer
 .text.USBH_LL_IncTimer
                0x0000000008005822       0x24 ./Middlewares/ST/STM32_USB_Host_Library/Core/Src/usbh_core.o
                0x0000000008005822                USBH_LL_IncTimer
 .text.USBH_HandleSof
                0x0000000008005846       0x30 ./Middlewares/ST/STM32_USB_Host_Library/Core/Src/usbh_core.o
 .text.USBH_LL_PortEnabled
                0x0000000008005876       0x1c ./Middlewares/ST/STM32_USB_Host_Library/Core/Src/usbh_core.o
                0x0000000008005876                USBH_LL_PortEnabled
 .text.USBH_LL_PortDisabled
                0x0000000008005892       0x1c ./Middlewares/ST/STM32_USB_Host_Library/Core/Src/usbh_core.o
                0x0000000008005892                USBH_LL_PortDisabled
 .text.USBH_LL_Connect
                0x00000000080058ae       0x2e ./Middlewares/ST/STM32_USB_Host_Library/Core/Src/usbh_core.o
                0x00000000080058ae                USBH_LL_Connect
 .text.USBH_LL_Disconnect
                0x00000000080058dc       0x48 ./Middlewares/ST/STM32_USB_Host_Library/Core/Src/usbh_core.o
                0x00000000080058dc                USBH_LL_Disconnect
 .text.USBH_Get_DevDesc
                0x0000000008005924       0x50 ./Middlewares/ST/STM32_USB_Host_Library/Core/Src/usbh_ctlreq.o
                0x0000000008005924                USBH_Get_DevDesc
 .text.USBH_Get_CfgDesc
                0x0000000008005974       0x48 ./Middlewares/ST/STM32_USB_Host_Library/Core/Src/usbh_ctlreq.o
                0x0000000008005974                USBH_Get_CfgDesc
 .text.USBH_Get_StringDesc
                0x00000000080059bc       0x56 ./Middlewares/ST/STM32_USB_Host_Library/Core/Src/usbh_ctlreq.o
                0x00000000080059bc                USBH_Get_StringDesc
 .text.USBH_GetDescriptor
                0x0000000008005a12       0x6a ./Middlewares/ST/STM32_USB_Host_Library/Core/Src/usbh_ctlreq.o
                0x0000000008005a12                USBH_GetDescriptor
 .text.USBH_SetAddress
                0x0000000008005a7c       0x48 ./Middlewares/ST/STM32_USB_Host_Library/Core/Src/usbh_ctlreq.o
                0x0000000008005a7c                USBH_SetAddress
 .text.USBH_SetCfg
                0x0000000008005ac4       0x46 ./Middlewares/ST/STM32_USB_Host_Library/Core/Src/usbh_ctlreq.o
                0x0000000008005ac4                USBH_SetCfg
 .text.USBH_SetFeature
                0x0000000008005b0a       0x48 ./Middlewares/ST/STM32_USB_Host_Library/Core/Src/usbh_ctlreq.o
                0x0000000008005b0a                USBH_SetFeature
 .text.USBH_ClrFeature
                0x0000000008005b52       0x48 ./Middlewares/ST/STM32_USB_Host_Library/Core/Src/usbh_ctlreq.o
                0x0000000008005b52                USBH_ClrFeature
 .text.USBH_ParseDevDesc
                0x0000000008005b9a       0xe0 ./Middlewares/ST/STM32_USB_Host_Library/Core/Src/usbh_ctlreq.o
 .text.USBH_ParseCfgDesc
                0x0000000008005c7a      0x144 ./Middlewares/ST/STM32_USB_Host_Library/Core/Src/usbh_ctlreq.o
 .text.USBH_ParseInterfaceDesc
                0x0000000008005dbe       0x5e ./Middlewares/ST/STM32_USB_Host_Library/Core/Src/usbh_ctlreq.o
 .text.USBH_ParseEPDesc
                0x0000000008005e1c       0x5a ./Middlewares/ST/STM32_USB_Host_Library/Core/Src/usbh_ctlreq.o
 .text.USBH_ParseStringDesc
                0x0000000008005e76       0x66 ./Middlewares/ST/STM32_USB_Host_Library/Core/Src/usbh_ctlreq.o
 .text.USBH_GetNextDesc
                0x0000000008005edc       0x36 ./Middlewares/ST/STM32_USB_Host_Library/Core/Src/usbh_ctlreq.o
                0x0000000008005edc                USBH_GetNextDesc
 .text.USBH_CtlReq
                0x0000000008005f12       0x7a ./Middlewares/ST/STM32_USB_Host_Library/Core/Src/usbh_ctlreq.o
                0x0000000008005f12                USBH_CtlReq
 .text.USBH_HandleControl
                0x0000000008005f8c      0x2e8 ./Middlewares/ST/STM32_USB_Host_Library/Core/Src/usbh_ctlreq.o
 .text.USBH_CtlSendSetup
                0x0000000008006274       0x34 ./Middlewares/ST/STM32_USB_Host_Library/Core/Src/usbh_ioreq.o
                0x0000000008006274                USBH_CtlSendSetup
 .text.USBH_CtlSendData
                0x00000000080062a8       0x4a ./Middlewares/ST/STM32_USB_Host_Library/Core/Src/usbh_ioreq.o
                0x00000000080062a8                USBH_CtlSendData
 .text.USBH_CtlReceiveData
                0x00000000080062f2       0x3c ./Middlewares/ST/STM32_USB_Host_Library/Core/Src/usbh_ioreq.o
                0x00000000080062f2                USBH_CtlReceiveData
 .text.USBH_BulkSendData
                0x000000000800632e       0x4a ./Middlewares/ST/STM32_USB_Host_Library/Core/Src/usbh_ioreq.o
                0x000000000800632e                USBH_BulkSendData
 .text.USBH_BulkReceiveData
                0x0000000008006378       0x3c ./Middlewares/ST/STM32_USB_Host_Library/Core/Src/usbh_ioreq.o
                0x0000000008006378                USBH_BulkReceiveData
 .text.USBH_OpenPipe
                0x00000000080063b4       0x3e ./Middlewares/ST/STM32_USB_Host_Library/Core/Src/usbh_pipes.o
                0x00000000080063b4                USBH_OpenPipe
 .text.USBH_ClosePipe
                0x00000000080063f2       0x20 ./Middlewares/ST/STM32_USB_Host_Library/Core/Src/usbh_pipes.o
                0x00000000080063f2                USBH_ClosePipe
 .text.USBH_AllocPipe
                0x0000000008006412       0x42 ./Middlewares/ST/STM32_USB_Host_Library/Core/Src/usbh_pipes.o
                0x0000000008006412                USBH_AllocPipe
 .text.USBH_FreePipe
                0x0000000008006454       0x3c ./Middlewares/ST/STM32_USB_Host_Library/Core/Src/usbh_pipes.o
                0x0000000008006454                USBH_FreePipe
 .text.USBH_GetFreePipe
                0x0000000008006490       0x48 ./Middlewares/ST/STM32_USB_Host_Library/Core/Src/usbh_pipes.o
 .text.MX_USB_HOST_Init
                0x00000000080064d8       0x4c ./USB_HOST/App/usb_host.o
                0x00000000080064d8                MX_USB_HOST_Init
 .text.MX_USB_HOST_Process
                0x0000000008006524       0x14 ./USB_HOST/App/usb_host.o
                0x0000000008006524                MX_USB_HOST_Process
 .text.USBH_UserProcess
                0x0000000008006538       0x5c ./USB_HOST/App/usb_host.o
 .text.HAL_HCD_MspInit
                0x0000000008006594       0xc4 ./USB_HOST/Target/usbh_conf.o
                0x0000000008006594                HAL_HCD_MspInit
 .text.HAL_HCD_SOF_Callback
                0x0000000008006658       0x1c ./USB_HOST/Target/usbh_conf.o
                0x0000000008006658                HAL_HCD_SOF_Callback
 .text.HAL_HCD_Connect_Callback
                0x0000000008006674       0x1c ./USB_HOST/Target/usbh_conf.o
                0x0000000008006674                HAL_HCD_Connect_Callback
 .text.HAL_HCD_Disconnect_Callback
                0x0000000008006690       0x1c ./USB_HOST/Target/usbh_conf.o
                0x0000000008006690                HAL_HCD_Disconnect_Callback
 .text.HAL_HCD_HC_NotifyURBChange_Callback
                0x00000000080066ac       0x1c ./USB_HOST/Target/usbh_conf.o
                0x00000000080066ac                HAL_HCD_HC_NotifyURBChange_Callback
 .text.HAL_HCD_PortEnabled_Callback
                0x00000000080066c8       0x1c ./USB_HOST/Target/usbh_conf.o
                0x00000000080066c8                HAL_HCD_PortEnabled_Callback
 .text.HAL_HCD_PortDisabled_Callback
                0x00000000080066e4       0x1c ./USB_HOST/Target/usbh_conf.o
                0x00000000080066e4                HAL_HCD_PortDisabled_Callback
 .text.USBH_LL_Init
                0x0000000008006700       0x78 ./USB_HOST/Target/usbh_conf.o
                0x0000000008006700                USBH_LL_Init
 .text.USBH_LL_Start
                0x0000000008006778       0x36 ./USB_HOST/Target/usbh_conf.o
                0x0000000008006778                USBH_LL_Start
 .text.USBH_LL_Stop
                0x00000000080067ae       0x36 ./USB_HOST/Target/usbh_conf.o
                0x00000000080067ae                USBH_LL_Stop
 .text.USBH_LL_GetSpeed
                0x00000000080067e4       0x4e ./USB_HOST/Target/usbh_conf.o
                0x00000000080067e4                USBH_LL_GetSpeed
 .text.USBH_LL_ResetPort
                0x0000000008006832       0x36 ./USB_HOST/Target/usbh_conf.o
                0x0000000008006832                USBH_LL_ResetPort
 .text.USBH_LL_GetLastXferSize
                0x0000000008006868       0x26 ./USB_HOST/Target/usbh_conf.o
                0x0000000008006868                USBH_LL_GetLastXferSize
 .text.USBH_LL_OpenPipe
                0x000000000800688e       0x5e ./USB_HOST/Target/usbh_conf.o
                0x000000000800688e                USBH_LL_OpenPipe
 .text.USBH_LL_ClosePipe
                0x00000000080068ec       0x3e ./USB_HOST/Target/usbh_conf.o
                0x00000000080068ec                USBH_LL_ClosePipe
 .text.USBH_LL_SubmitURB
                0x000000000800692a       0x62 ./USB_HOST/Target/usbh_conf.o
                0x000000000800692a                USBH_LL_SubmitURB
 .text.USBH_LL_GetURBState
                0x000000000800698c       0x26 ./USB_HOST/Target/usbh_conf.o
                0x000000000800698c                USBH_LL_GetURBState
 .text.USBH_LL_DriverVBUS
                0x00000000080069b2       0x2e ./USB_HOST/Target/usbh_conf.o
                0x00000000080069b2                USBH_LL_DriverVBUS
 .text.USBH_LL_SetToggle
                0x00000000080069e0       0x60 ./USB_HOST/Target/usbh_conf.o
                0x00000000080069e0                USBH_LL_SetToggle
 .text.USBH_Delay
                0x0000000008006a40       0x16 ./USB_HOST/Target/usbh_conf.o
                0x0000000008006a40                USBH_Delay
 *fill*         0x0000000008006a56        0x2 
 .text.USBH_Get_USB_Status
                0x0000000008006a58       0x58 ./USB_HOST/Target/usbh_conf.o
                0x0000000008006a58                USBH_Get_USB_Status
 .text.MX_DriverVbusFS
                0x0000000008006ab0       0x38 ./USB_HOST/Target/usbh_platform.o
                0x0000000008006ab0                MX_DriverVbusFS
 .text.__errno  0x0000000008006ae8        0xc c:/st/stm32cubeide_1.7.0/stm32cubeide/plugins/com.st.stm32cube.ide.mcu.externaltools.gnu-tools-for-stm32.9-2020-q2-update.win32_2.0.0.202105311346/tools/bin/../lib/gcc/arm-none-eabi/9.3.1/../../../../arm-none-eabi/lib/thumb/v7e-m+fp/hard\libc_nano.a(lib_a-errno.o)
                0x0000000008006ae8                __errno
 .text.__libc_init_array
                0x0000000008006af4       0x48 c:/st/stm32cubeide_1.7.0/stm32cubeide/plugins/com.st.stm32cube.ide.mcu.externaltools.gnu-tools-for-stm32.9-2020-q2-update.win32_2.0.0.202105311346/tools/bin/../lib/gcc/arm-none-eabi/9.3.1/../../../../arm-none-eabi/lib/thumb/v7e-m+fp/hard\libc_nano.a(lib_a-init.o)
                0x0000000008006af4                __libc_init_array
 .text.malloc   0x0000000008006b3c       0x10 c:/st/stm32cubeide_1.7.0/stm32cubeide/plugins/com.st.stm32cube.ide.mcu.externaltools.gnu-tools-for-stm32.9-2020-q2-update.win32_2.0.0.202105311346/tools/bin/../lib/gcc/arm-none-eabi/9.3.1/../../../../arm-none-eabi/lib/thumb/v7e-m+fp/hard\libc_nano.a(lib_a-malloc.o)
                0x0000000008006b3c                malloc
 .text.free     0x0000000008006b4c       0x10 c:/st/stm32cubeide_1.7.0/stm32cubeide/plugins/com.st.stm32cube.ide.mcu.externaltools.gnu-tools-for-stm32.9-2020-q2-update.win32_2.0.0.202105311346/tools/bin/../lib/gcc/arm-none-eabi/9.3.1/../../../../arm-none-eabi/lib/thumb/v7e-m+fp/hard\libc_nano.a(lib_a-malloc.o)
                0x0000000008006b4c                free
 .text.memset   0x0000000008006b5c       0x10 c:/st/stm32cubeide_1.7.0/stm32cubeide/plugins/com.st.stm32cube.ide.mcu.externaltools.gnu-tools-for-stm32.9-2020-q2-update.win32_2.0.0.202105311346/tools/bin/../lib/gcc/arm-none-eabi/9.3.1/../../../../arm-none-eabi/lib/thumb/v7e-m+fp/hard\libc_nano.a(lib_a-memset.o)
                0x0000000008006b5c                memset
 .text._free_r  0x0000000008006b6c       0xa0 c:/st/stm32cubeide_1.7.0/stm32cubeide/plugins/com.st.stm32cube.ide.mcu.externaltools.gnu-tools-for-stm32.9-2020-q2-update.win32_2.0.0.202105311346/tools/bin/../lib/gcc/arm-none-eabi/9.3.1/../../../../arm-none-eabi/lib/thumb/v7e-m+fp/hard\libc_nano.a(lib_a-nano-freer.o)
                0x0000000008006b6c                _free_r
 .text._malloc_r
                0x0000000008006c0c       0xb4 c:/st/stm32cubeide_1.7.0/stm32cubeide/plugins/com.st.stm32cube.ide.mcu.externaltools.gnu-tools-for-stm32.9-2020-q2-update.win32_2.0.0.202105311346/tools/bin/../lib/gcc/arm-none-eabi/9.3.1/../../../../arm-none-eabi/lib/thumb/v7e-m+fp/hard\libc_nano.a(lib_a-nano-mallocr.o)
                0x0000000008006c0c                _malloc_r
 .text._sbrk_r  0x0000000008006cc0       0x20 c:/st/stm32cubeide_1.7.0/stm32cubeide/plugins/com.st.stm32cube.ide.mcu.externaltools.gnu-tools-for-stm32.9-2020-q2-update.win32_2.0.0.202105311346/tools/bin/../lib/gcc/arm-none-eabi/9.3.1/../../../../arm-none-eabi/lib/thumb/v7e-m+fp/hard\libc_nano.a(lib_a-sbrkr.o)
                0x0000000008006cc0                _sbrk_r
 .text.__malloc_lock
                0x0000000008006ce0        0xc c:/st/stm32cubeide_1.7.0/stm32cubeide/plugins/com.st.stm32cube.ide.mcu.externaltools.gnu-tools-for-stm32.9-2020-q2-update.win32_2.0.0.202105311346/tools/bin/../lib/gcc/arm-none-eabi/9.3.1/../../../../arm-none-eabi/lib/thumb/v7e-m+fp/hard\libc_nano.a(lib_a-mlock.o)
                0x0000000008006ce0                __malloc_lock
 .text.__malloc_unlock
                0x0000000008006cec        0xc c:/st/stm32cubeide_1.7.0/stm32cubeide/plugins/com.st.stm32cube.ide.mcu.externaltools.gnu-tools-for-stm32.9-2020-q2-update.win32_2.0.0.202105311346/tools/bin/../lib/gcc/arm-none-eabi/9.3.1/../../../../arm-none-eabi/lib/thumb/v7e-m+fp/hard\libc_nano.a(lib_a-mlock.o)
                0x0000000008006cec                __malloc_unlock
 .text.__retarget_lock_acquire_recursive
                0x0000000008006cf8        0x2 c:/st/stm32cubeide_1.7.0/stm32cubeide/plugins/com.st.stm32cube.ide.mcu.externaltools.gnu-tools-for-stm32.9-2020-q2-update.win32_2.0.0.202105311346/tools/bin/../lib/gcc/arm-none-eabi/9.3.1/../../../../arm-none-eabi/lib/thumb/v7e-m+fp/hard\libc_nano.a(lib_a-lock.o)
                0x0000000008006cf8                __retarget_lock_acquire_recursive
 .text.__retarget_lock_release_recursive
                0x0000000008006cfa        0x2 c:/st/stm32cubeide_1.7.0/stm32cubeide/plugins/com.st.stm32cube.ide.mcu.externaltools.gnu-tools-for-stm32.9-2020-q2-update.win32_2.0.0.202105311346/tools/bin/../lib/gcc/arm-none-eabi/9.3.1/../../../../arm-none-eabi/lib/thumb/v7e-m+fp/hard\libc_nano.a(lib_a-lock.o)
                0x0000000008006cfa                __retarget_lock_release_recursive
 *(.glue_7)
 .glue_7        0x0000000008006cfc        0x0 linker stubs
 *(.glue_7t)
 .glue_7t       0x0000000008006cfc        0x0 linker stubs
 *(.eh_frame)
 .eh_frame      0x0000000008006cfc        0x0 c:/st/stm32cubeide_1.7.0/stm32cubeide/plugins/com.st.stm32cube.ide.mcu.externaltools.gnu-tools-for-stm32.9-2020-q2-update.win32_2.0.0.202105311346/tools/bin/../lib/gcc/arm-none-eabi/9.3.1/thumb/v7e-m+fp/hard/crtbegin.o
 *(.init)
 .init          0x0000000008006cfc        0x4 c:/st/stm32cubeide_1.7.0/stm32cubeide/plugins/com.st.stm32cube.ide.mcu.externaltools.gnu-tools-for-stm32.9-2020-q2-update.win32_2.0.0.202105311346/tools/bin/../lib/gcc/arm-none-eabi/9.3.1/thumb/v7e-m+fp/hard/crti.o
                0x0000000008006cfc                _init
 .init          0x0000000008006d00        0x8 c:/st/stm32cubeide_1.7.0/stm32cubeide/plugins/com.st.stm32cube.ide.mcu.externaltools.gnu-tools-for-stm32.9-2020-q2-update.win32_2.0.0.202105311346/tools/bin/../lib/gcc/arm-none-eabi/9.3.1/thumb/v7e-m+fp/hard/crtn.o
 *(.fini)
 .fini          0x0000000008006d08        0x4 c:/st/stm32cubeide_1.7.0/stm32cubeide/plugins/com.st.stm32cube.ide.mcu.externaltools.gnu-tools-for-stm32.9-2020-q2-update.win32_2.0.0.202105311346/tools/bin/../lib/gcc/arm-none-eabi/9.3.1/thumb/v7e-m+fp/hard/crti.o
                0x0000000008006d08                _fini
 .fini          0x0000000008006d0c        0x8 c:/st/stm32cubeide_1.7.0/stm32cubeide/plugins/com.st.stm32cube.ide.mcu.externaltools.gnu-tools-for-stm32.9-2020-q2-update.win32_2.0.0.202105311346/tools/bin/../lib/gcc/arm-none-eabi/9.3.1/thumb/v7e-m+fp/hard/crtn.o
                0x0000000008006d14                . = ALIGN (0x4)
                0x0000000008006d14                _etext = .

.vfp11_veneer   0x0000000008006d14        0x0
 .vfp11_veneer  0x0000000008006d14        0x0 linker stubs

.v4_bx          0x0000000008006d14        0x0
 .v4_bx         0x0000000008006d14        0x0 linker stubs

.iplt           0x0000000008006d14        0x0
 .iplt          0x0000000008006d14        0x0 c:/st/stm32cubeide_1.7.0/stm32cubeide/plugins/com.st.stm32cube.ide.mcu.externaltools.gnu-tools-for-stm32.9-2020-q2-update.win32_2.0.0.202105311346/tools/bin/../lib/gcc/arm-none-eabi/9.3.1/thumb/v7e-m+fp/hard/crtbegin.o

.rodata         0x0000000008006d14       0x1c
                0x0000000008006d14                . = ALIGN (0x4)
 *(.rodata)
 .rodata        0x0000000008006d14        0x4 ./Middlewares/ST/STM32_USB_Host_Library/Class/CDC/Src/usbh_cdc.o
 *(.rodata*)
 .rodata.AHBPrescTable
                0x0000000008006d18       0x10 ./Core/Src/system_stm32f4xx.o
                0x0000000008006d18                AHBPrescTable
 .rodata.APBPrescTable
                0x0000000008006d28        0x8 ./Core/Src/system_stm32f4xx.o
                0x0000000008006d28                APBPrescTable
                0x0000000008006d30                . = ALIGN (0x4)

.ARM.extab      0x0000000008006d30        0x0
                0x0000000008006d30                . = ALIGN (0x4)
 *(.ARM.extab* .gnu.linkonce.armextab.*)
                0x0000000008006d30                . = ALIGN (0x4)

.ARM            0x0000000008006d30        0x8
                0x0000000008006d30                . = ALIGN (0x4)
                0x0000000008006d30                __exidx_start = .
 *(.ARM.exidx*)
 .ARM.exidx     0x0000000008006d30        0x8 c:/st/stm32cubeide_1.7.0/stm32cubeide/plugins/com.st.stm32cube.ide.mcu.externaltools.gnu-tools-for-stm32.9-2020-q2-update.win32_2.0.0.202105311346/tools/bin/../lib/gcc/arm-none-eabi/9.3.1/thumb/v7e-m+fp/hard\libgcc.a(_udivmoddi4.o)
                0x0000000008006d38                __exidx_end = .
                0x0000000008006d38                . = ALIGN (0x4)

.rel.dyn        0x0000000008006d38        0x0
 .rel.iplt      0x0000000008006d38        0x0 c:/st/stm32cubeide_1.7.0/stm32cubeide/plugins/com.st.stm32cube.ide.mcu.externaltools.gnu-tools-for-stm32.9-2020-q2-update.win32_2.0.0.202105311346/tools/bin/../lib/gcc/arm-none-eabi/9.3.1/thumb/v7e-m+fp/hard/crtbegin.o

.preinit_array  0x0000000008006d38        0x0
                0x0000000008006d38                . = ALIGN (0x4)
                0x0000000008006d38                PROVIDE (__preinit_array_start = .)
 *(.preinit_array*)
                0x0000000008006d38                PROVIDE (__preinit_array_end = .)
                0x0000000008006d38                . = ALIGN (0x4)

.init_array     0x0000000008006d38        0x4
                0x0000000008006d38                . = ALIGN (0x4)
                0x0000000008006d38                PROVIDE (__init_array_start = .)
 *(SORT_BY_NAME(.init_array.*))
 *(.init_array*)
 .init_array    0x0000000008006d38        0x4 c:/st/stm32cubeide_1.7.0/stm32cubeide/plugins/com.st.stm32cube.ide.mcu.externaltools.gnu-tools-for-stm32.9-2020-q2-update.win32_2.0.0.202105311346/tools/bin/../lib/gcc/arm-none-eabi/9.3.1/thumb/v7e-m+fp/hard/crtbegin.o
                0x0000000008006d3c                PROVIDE (__init_array_end = .)
                0x0000000008006d3c                . = ALIGN (0x4)

.fini_array     0x0000000008006d3c        0x4
                0x0000000008006d3c                . = ALIGN (0x4)
                [!provide]                        PROVIDE (__fini_array_start = .)
 *(SORT_BY_NAME(.fini_array.*))
 *(.fini_array*)
 .fini_array    0x0000000008006d3c        0x4 c:/st/stm32cubeide_1.7.0/stm32cubeide/plugins/com.st.stm32cube.ide.mcu.externaltools.gnu-tools-for-stm32.9-2020-q2-update.win32_2.0.0.202105311346/tools/bin/../lib/gcc/arm-none-eabi/9.3.1/thumb/v7e-m+fp/hard/crtbegin.o
                [!provide]                        PROVIDE (__fini_array_end = .)
                0x0000000008006d40                . = ALIGN (0x4)
                0x0000000008006d40                _sidata = LOADADDR (.data)

.data           0x0000000020000000       0x90 load address 0x0000000008006d40
                0x0000000020000000                . = ALIGN (0x4)
                0x0000000020000000                _sdata = .
 *(.data)
 *(.data*)
 .data.SystemCoreClock
                0x0000000020000000        0x4 ./Core/Src/system_stm32f4xx.o
                0x0000000020000000                SystemCoreClock
 .data.uwTickPrio
                0x0000000020000004        0x4 ./Drivers/STM32F4xx_HAL_Driver/Src/stm32f4xx_hal.o
                0x0000000020000004                uwTickPrio
 .data.uwTickFreq
                0x0000000020000008        0x1 ./Drivers/STM32F4xx_HAL_Driver/Src/stm32f4xx_hal.o
                0x0000000020000008                uwTickFreq
 *fill*         0x0000000020000009        0x3 
 .data.CDC_Class
                0x000000002000000c       0x20 ./Middlewares/ST/STM32_USB_Host_Library/Class/CDC/Src/usbh_cdc.o
                0x000000002000000c                CDC_Class
 .data._impure_ptr
                0x000000002000002c        0x4 c:/st/stm32cubeide_1.7.0/stm32cubeide/plugins/com.st.stm32cube.ide.mcu.externaltools.gnu-tools-for-stm32.9-2020-q2-update.win32_2.0.0.202105311346/tools/bin/../lib/gcc/arm-none-eabi/9.3.1/../../../../arm-none-eabi/lib/thumb/v7e-m+fp/hard\libc_nano.a(lib_a-impure.o)
                0x000000002000002c                _impure_ptr
 .data.impure_data
                0x0000000020000030       0x60 c:/st/stm32cubeide_1.7.0/stm32cubeide/plugins/com.st.stm32cube.ide.mcu.externaltools.gnu-tools-for-stm32.9-2020-q2-update.win32_2.0.0.202105311346/tools/bin/../lib/gcc/arm-none-eabi/9.3.1/../../../../arm-none-eabi/lib/thumb/v7e-m+fp/hard\libc_nano.a(lib_a-impure.o)
 *(.RamFunc)
 *(.RamFunc*)
                0x0000000020000090                . = ALIGN (0x4)
                0x0000000020000090                _edata = .
                0x0000000008006dd0                _siccmram = LOADADDR (.ccmram)

.igot.plt       0x0000000020000090        0x0 load address 0x0000000008006dd0
 .igot.plt      0x0000000020000090        0x0 c:/st/stm32cubeide_1.7.0/stm32cubeide/plugins/com.st.stm32cube.ide.mcu.externaltools.gnu-tools-for-stm32.9-2020-q2-update.win32_2.0.0.202105311346/tools/bin/../lib/gcc/arm-none-eabi/9.3.1/thumb/v7e-m+fp/hard/crtbegin.o

.ccmram         0x0000000010000000        0x0 load address 0x0000000008006dd0
                0x0000000010000000                . = ALIGN (0x4)
                0x0000000010000000                _sccmram = .
 *(.ccmram)
 *(.ccmram*)
                0x0000000010000000                . = ALIGN (0x4)
                0x0000000010000000                _eccmram = .
                0x0000000010000000                . = ALIGN (0x4)

.bss            0x0000000020000090      0x770
                0x0000000020000090                _sbss = .
                0x0000000020000090                __bss_start__ = _sbss
 *(.bss)
 .bss           0x0000000020000090       0x1c c:/st/stm32cubeide_1.7.0/stm32cubeide/plugins/com.st.stm32cube.ide.mcu.externaltools.gnu-tools-for-stm32.9-2020-q2-update.win32_2.0.0.202105311346/tools/bin/../lib/gcc/arm-none-eabi/9.3.1/thumb/v7e-m+fp/hard/crtbegin.o
 *(.bss*)
 .bss.__sbrk_heap_end
                0x00000000200000ac        0x4 ./Core/Src/sysmem.o
 .bss.Appli_state
                0x00000000200000b0        0x1 ./USB_HOST/App/usb_host.o
                0x00000000200000b0                Appli_state
 *fill*         0x00000000200000b1        0x3 
 .bss.__malloc_free_list
                0x00000000200000b4        0x4 c:/st/stm32cubeide_1.7.0/stm32cubeide/plugins/com.st.stm32cube.ide.mcu.externaltools.gnu-tools-for-stm32.9-2020-q2-update.win32_2.0.0.202105311346/tools/bin/../lib/gcc/arm-none-eabi/9.3.1/../../../../arm-none-eabi/lib/thumb/v7e-m+fp/hard\libc_nano.a(lib_a-nano-mallocr.o)
                0x00000000200000b4                __malloc_free_list
 .bss.__malloc_sbrk_start
                0x00000000200000b8        0x4 c:/st/stm32cubeide_1.7.0/stm32cubeide/plugins/com.st.stm32cube.ide.mcu.externaltools.gnu-tools-for-stm32.9-2020-q2-update.win32_2.0.0.202105311346/tools/bin/../lib/gcc/arm-none-eabi/9.3.1/../../../../arm-none-eabi/lib/thumb/v7e-m+fp/hard\libc_nano.a(lib_a-nano-mallocr.o)
                0x00000000200000b8                __malloc_sbrk_start
 *(COMMON)
 COMMON         0x00000000200000bc       0x54 ./Core/Src/main.o
                0x00000000200000bc                hi2c1
 COMMON         0x0000000020000110        0x4 ./Drivers/STM32F4xx_HAL_Driver/Src/stm32f4xx_hal.o
                0x0000000020000110                uwTick
 COMMON         0x0000000020000114      0x3d8 ./USB_HOST/App/usb_host.o
                0x0000000020000114                hUsbHostFS
 COMMON         0x00000000200004ec      0x304 ./USB_HOST/Target/usbh_conf.o
                0x00000000200004ec                hhcd_USB_OTG_FS
 COMMON         0x00000000200007f0        0x4 c:/st/stm32cubeide_1.7.0/stm32cubeide/plugins/com.st.stm32cube.ide.mcu.externaltools.gnu-tools-for-stm32.9-2020-q2-update.win32_2.0.0.202105311346/tools/bin/../lib/gcc/arm-none-eabi/9.3.1/../../../../arm-none-eabi/lib/thumb/v7e-m+fp/hard\libc_nano.a(lib_a-reent.o)
                0x00000000200007f0                errno
 COMMON         0x00000000200007f4        0x9 c:/st/stm32cubeide_1.7.0/stm32cubeide/plugins/com.st.stm32cube.ide.mcu.externaltools.gnu-tools-for-stm32.9-2020-q2-update.win32_2.0.0.202105311346/tools/bin/../lib/gcc/arm-none-eabi/9.3.1/../../../../arm-none-eabi/lib/thumb/v7e-m+fp/hard\libc_nano.a(lib_a-lock.o)
                0x00000000200007f4                __lock___atexit_recursive_mutex
                0x00000000200007f5                __lock___arc4random_mutex
                0x00000000200007f6                __lock___env_recursive_mutex
                0x00000000200007f7                __lock___sinit_recursive_mutex
                0x00000000200007f8                __lock___malloc_recursive_mutex
                0x00000000200007f9                __lock___at_quick_exit_mutex
                0x00000000200007fa                __lock___dd_hash_mutex
                0x00000000200007fb                __lock___tz_mutex
                0x00000000200007fc                __lock___sfp_recursive_mutex
                0x0000000020000800                . = ALIGN (0x4)
 *fill*         0x00000000200007fd        0x3 
                0x0000000020000800                _ebss = .
                0x0000000020000800                __bss_end__ = _ebss

._user_heap_stack
                0x0000000020000800      0x600
                0x0000000020000800                . = ALIGN (0x8)
                [!provide]                        PROVIDE (end = .)
                0x0000000020000800                PROVIDE (_end = .)
                0x0000000020000a00                . = (. + _Min_Heap_Size)
 *fill*         0x0000000020000800      0x200 
                0x0000000020000e00                . = (. + _Min_Stack_Size)
 *fill*         0x0000000020000a00      0x400 
                0x0000000020000e00                . = ALIGN (0x8)

/DISCARD/
 libc.a(*)
 libm.a(*)
 libgcc.a(*)

.ARM.attributes
                0x0000000000000000       0x30
 *(.ARM.attributes)
 .ARM.attributes
                0x0000000000000000       0x1e c:/st/stm32cubeide_1.7.0/stm32cubeide/plugins/com.st.stm32cube.ide.mcu.externaltools.gnu-tools-for-stm32.9-2020-q2-update.win32_2.0.0.202105311346/tools/bin/../lib/gcc/arm-none-eabi/9.3.1/thumb/v7e-m+fp/hard/crti.o
 .ARM.attributes
                0x000000000000001e       0x34 c:/st/stm32cubeide_1.7.0/stm32cubeide/plugins/com.st.stm32cube.ide.mcu.externaltools.gnu-tools-for-stm32.9-2020-q2-update.win32_2.0.0.202105311346/tools/bin/../lib/gcc/arm-none-eabi/9.3.1/thumb/v7e-m+fp/hard/crtbegin.o
 .ARM.attributes
                0x0000000000000052       0x34 ./Core/Src/main.o
 .ARM.attributes
                0x0000000000000086       0x34 ./Core/Src/stm32f4xx_hal_msp.o
 .ARM.attributes
                0x00000000000000ba       0x34 ./Core/Src/stm32f4xx_it.o
 .ARM.attributes
                0x00000000000000ee       0x34 ./Core/Src/sysmem.o
 .ARM.attributes
                0x0000000000000122       0x34 ./Core/Src/system_stm32f4xx.o
 .ARM.attributes
                0x0000000000000156       0x21 ./Core/Startup/startup_stm32f407vgtx.o
 .ARM.attributes
                0x0000000000000177       0x34 ./Drivers/STM32F4xx_HAL_Driver/Src/stm32f4xx_hal.o
 .ARM.attributes
                0x00000000000001ab       0x34 ./Drivers/STM32F4xx_HAL_Driver/Src/stm32f4xx_hal_cortex.o
 .ARM.attributes
                0x00000000000001df       0x34 ./Drivers/STM32F4xx_HAL_Driver/Src/stm32f4xx_hal_gpio.o
 .ARM.attributes
                0x0000000000000213       0x34 ./Drivers/STM32F4xx_HAL_Driver/Src/stm32f4xx_hal_hcd.o
 .ARM.attributes
                0x0000000000000247       0x34 ./Drivers/STM32F4xx_HAL_Driver/Src/stm32f4xx_hal_i2c.o
 .ARM.attributes
                0x000000000000027b       0x34 ./Drivers/STM32F4xx_HAL_Driver/Src/stm32f4xx_hal_rcc.o
 .ARM.attributes
                0x00000000000002af       0x34 ./Drivers/STM32F4xx_HAL_Driver/Src/stm32f4xx_ll_usb.o
 .ARM.attributes
                0x00000000000002e3       0x34 ./Middlewares/ST/STM32_USB_Host_Library/Class/CDC/Src/usbh_cdc.o
 .ARM.attributes
                0x0000000000000317       0x34 ./Middlewares/ST/STM32_USB_Host_Library/Core/Src/usbh_core.o
 .ARM.attributes
                0x000000000000034b       0x34 ./Middlewares/ST/STM32_USB_Host_Library/Core/Src/usbh_ctlreq.o
 .ARM.attributes
                0x000000000000037f       0x34 ./Middlewares/ST/STM32_USB_Host_Library/Core/Src/usbh_ioreq.o
 .ARM.attributes
                0x00000000000003b3       0x34 ./Middlewares/ST/STM32_USB_Host_Library/Core/Src/usbh_pipes.o
 .ARM.attributes
                0x00000000000003e7       0x34 ./USB_HOST/App/usb_host.o
 .ARM.attributes
                0x000000000000041b       0x34 ./USB_HOST/Target/usbh_conf.o
 .ARM.attributes
                0x000000000000044f       0x34 ./USB_HOST/Target/usbh_platform.o
 .ARM.attributes
                0x0000000000000483       0x34 c:/st/stm32cubeide_1.7.0/stm32cubeide/plugins/com.st.stm32cube.ide.mcu.externaltools.gnu-tools-for-stm32.9-2020-q2-update.win32_2.0.0.202105311346/tools/bin/../lib/gcc/arm-none-eabi/9.3.1/../../../../arm-none-eabi/lib/thumb/v7e-m+fp/hard\libc_nano.a(lib_a-errno.o)
 .ARM.attributes
                0x00000000000004b7       0x32 c:/st/stm32cubeide_1.7.0/stm32cubeide/plugins/com.st.stm32cube.ide.mcu.externaltools.gnu-tools-for-stm32.9-2020-q2-update.win32_2.0.0.202105311346/tools/bin/../lib/gcc/arm-none-eabi/9.3.1/../../../../arm-none-eabi/lib/thumb/v7e-m+fp/hard\libc_nano.a(lib_a-impure.o)
 .ARM.attributes
                0x00000000000004e9       0x34 c:/st/stm32cubeide_1.7.0/stm32cubeide/plugins/com.st.stm32cube.ide.mcu.externaltools.gnu-tools-for-stm32.9-2020-q2-update.win32_2.0.0.202105311346/tools/bin/../lib/gcc/arm-none-eabi/9.3.1/../../../../arm-none-eabi/lib/thumb/v7e-m+fp/hard\libc_nano.a(lib_a-init.o)
 .ARM.attributes
                0x000000000000051d       0x34 c:/st/stm32cubeide_1.7.0/stm32cubeide/plugins/com.st.stm32cube.ide.mcu.externaltools.gnu-tools-for-stm32.9-2020-q2-update.win32_2.0.0.202105311346/tools/bin/../lib/gcc/arm-none-eabi/9.3.1/../../../../arm-none-eabi/lib/thumb/v7e-m+fp/hard\libc_nano.a(lib_a-malloc.o)
 .ARM.attributes
                0x0000000000000551       0x34 c:/st/stm32cubeide_1.7.0/stm32cubeide/plugins/com.st.stm32cube.ide.mcu.externaltools.gnu-tools-for-stm32.9-2020-q2-update.win32_2.0.0.202105311346/tools/bin/../lib/gcc/arm-none-eabi/9.3.1/../../../../arm-none-eabi/lib/thumb/v7e-m+fp/hard\libc_nano.a(lib_a-memset.o)
 .ARM.attributes
                0x0000000000000585       0x34 c:/st/stm32cubeide_1.7.0/stm32cubeide/plugins/com.st.stm32cube.ide.mcu.externaltools.gnu-tools-for-stm32.9-2020-q2-update.win32_2.0.0.202105311346/tools/bin/../lib/gcc/arm-none-eabi/9.3.1/../../../../arm-none-eabi/lib/thumb/v7e-m+fp/hard\libc_nano.a(lib_a-nano-freer.o)
 .ARM.attributes
                0x00000000000005b9       0x34 c:/st/stm32cubeide_1.7.0/stm32cubeide/plugins/com.st.stm32cube.ide.mcu.externaltools.gnu-tools-for-stm32.9-2020-q2-update.win32_2.0.0.202105311346/tools/bin/../lib/gcc/arm-none-eabi/9.3.1/../../../../arm-none-eabi/lib/thumb/v7e-m+fp/hard\libc_nano.a(lib_a-nano-mallocr.o)
 .ARM.attributes
                0x00000000000005ed       0x34 c:/st/stm32cubeide_1.7.0/stm32cubeide/plugins/com.st.stm32cube.ide.mcu.externaltools.gnu-tools-for-stm32.9-2020-q2-update.win32_2.0.0.202105311346/tools/bin/../lib/gcc/arm-none-eabi/9.3.1/../../../../arm-none-eabi/lib/thumb/v7e-m+fp/hard\libc_nano.a(lib_a-sbrkr.o)
 .ARM.attributes
                0x0000000000000621       0x34 c:/st/stm32cubeide_1.7.0/stm32cubeide/plugins/com.st.stm32cube.ide.mcu.externaltools.gnu-tools-for-stm32.9-2020-q2-update.win32_2.0.0.202105311346/tools/bin/../lib/gcc/arm-none-eabi/9.3.1/../../../../arm-none-eabi/lib/thumb/v7e-m+fp/hard\libc_nano.a(lib_a-mlock.o)
 .ARM.attributes
                0x0000000000000655       0x34 c:/st/stm32cubeide_1.7.0/stm32cubeide/plugins/com.st.stm32cube.ide.mcu.externaltools.gnu-tools-for-stm32.9-2020-q2-update.win32_2.0.0.202105311346/tools/bin/../lib/gcc/arm-none-eabi/9.3.1/../../../../arm-none-eabi/lib/thumb/v7e-m+fp/hard\libc_nano.a(lib_a-reent.o)
 .ARM.attributes
                0x0000000000000689       0x34 c:/st/stm32cubeide_1.7.0/stm32cubeide/plugins/com.st.stm32cube.ide.mcu.externaltools.gnu-tools-for-stm32.9-2020-q2-update.win32_2.0.0.202105311346/tools/bin/../lib/gcc/arm-none-eabi/9.3.1/../../../../arm-none-eabi/lib/thumb/v7e-m+fp/hard\libc_nano.a(lib_a-lock.o)
 .ARM.attributes
                0x00000000000006bd       0x1e c:/st/stm32cubeide_1.7.0/stm32cubeide/plugins/com.st.stm32cube.ide.mcu.externaltools.gnu-tools-for-stm32.9-2020-q2-update.win32_2.0.0.202105311346/tools/bin/../lib/gcc/arm-none-eabi/9.3.1/thumb/v7e-m+fp/hard\libgcc.a(_aeabi_uldivmod.o)
 .ARM.attributes
                0x00000000000006db       0x34 c:/st/stm32cubeide_1.7.0/stm32cubeide/plugins/com.st.stm32cube.ide.mcu.externaltools.gnu-tools-for-stm32.9-2020-q2-update.win32_2.0.0.202105311346/tools/bin/../lib/gcc/arm-none-eabi/9.3.1/thumb/v7e-m+fp/hard\libgcc.a(_udivmoddi4.o)
 .ARM.attributes
                0x000000000000070f       0x1e c:/st/stm32cubeide_1.7.0/stm32cubeide/plugins/com.st.stm32cube.ide.mcu.externaltools.gnu-tools-for-stm32.9-2020-q2-update.win32_2.0.0.202105311346/tools/bin/../lib/gcc/arm-none-eabi/9.3.1/thumb/v7e-m+fp/hard\libgcc.a(_dvmd_tls.o)
 .ARM.attributes
                0x000000000000072d       0x1e c:/st/stm32cubeide_1.7.0/stm32cubeide/plugins/com.st.stm32cube.ide.mcu.externaltools.gnu-tools-for-stm32.9-2020-q2-update.win32_2.0.0.202105311346/tools/bin/../lib/gcc/arm-none-eabi/9.3.1/thumb/v7e-m+fp/hard/crtn.o
OUTPUT(lights_test.elf elf32-littlearm)
LOAD linker stubs
LOAD c:/st/stm32cubeide_1.7.0/stm32cubeide/plugins/com.st.stm32cube.ide.mcu.externaltools.gnu-tools-for-stm32.9-2020-q2-update.win32_2.0.0.202105311346/tools/bin/../lib/gcc/arm-none-eabi/9.3.1/../../../../arm-none-eabi/lib/thumb/v7e-m+fp/hard\libc.a
LOAD c:/st/stm32cubeide_1.7.0/stm32cubeide/plugins/com.st.stm32cube.ide.mcu.externaltools.gnu-tools-for-stm32.9-2020-q2-update.win32_2.0.0.202105311346/tools/bin/../lib/gcc/arm-none-eabi/9.3.1/../../../../arm-none-eabi/lib/thumb/v7e-m+fp/hard\libm.a
LOAD c:/st/stm32cubeide_1.7.0/stm32cubeide/plugins/com.st.stm32cube.ide.mcu.externaltools.gnu-tools-for-stm32.9-2020-q2-update.win32_2.0.0.202105311346/tools/bin/../lib/gcc/arm-none-eabi/9.3.1/thumb/v7e-m+fp/hard\libgcc.a

.debug_info     0x0000000000000000    0x15ba1
 .debug_info    0x0000000000000000      0xd01 ./Core/Src/main.o
 .debug_info    0x0000000000000d01      0xa73 ./Core/Src/stm32f4xx_hal_msp.o
 .debug_info    0x0000000000001774      0x729 ./Core/Src/stm32f4xx_it.o
 .debug_info    0x0000000000001e9d      0xa25 ./Core/Src/sysmem.o
 .debug_info    0x00000000000028c2      0x5a4 ./Core/Src/system_stm32f4xx.o
 .debug_info    0x0000000000002e66       0x22 ./Core/Startup/startup_stm32f407vgtx.o
 .debug_info    0x0000000000002e88      0x9b2 ./Drivers/STM32F4xx_HAL_Driver/Src/stm32f4xx_hal.o
 .debug_info    0x000000000000383a      0xed7 ./Drivers/STM32F4xx_HAL_Driver/Src/stm32f4xx_hal_cortex.o
 .debug_info    0x0000000000004711      0x83e ./Drivers/STM32F4xx_HAL_Driver/Src/stm32f4xx_hal_gpio.o
 .debug_info    0x0000000000004f4f      0xf67 ./Drivers/STM32F4xx_HAL_Driver/Src/stm32f4xx_hal_hcd.o
 .debug_info    0x0000000000005eb6     0x264d ./Drivers/STM32F4xx_HAL_Driver/Src/stm32f4xx_hal_i2c.o
 .debug_info    0x0000000000008503      0x996 ./Drivers/STM32F4xx_HAL_Driver/Src/stm32f4xx_hal_rcc.o
 .debug_info    0x0000000000008e99     0x1ab4 ./Drivers/STM32F4xx_HAL_Driver/Src/stm32f4xx_ll_usb.o
 .debug_info    0x000000000000a94d     0x1c86 ./Middlewares/ST/STM32_USB_Host_Library/Class/CDC/Src/usbh_cdc.o
 .debug_info    0x000000000000c5d3     0x1815 ./Middlewares/ST/STM32_USB_Host_Library/Core/Src/usbh_core.o
 .debug_info    0x000000000000dde8     0x18e6 ./Middlewares/ST/STM32_USB_Host_Library/Core/Src/usbh_ctlreq.o
 .debug_info    0x000000000000f6ce     0x162f ./Middlewares/ST/STM32_USB_Host_Library/Core/Src/usbh_ioreq.o
 .debug_info    0x0000000000010cfd     0x1457 ./Middlewares/ST/STM32_USB_Host_Library/Core/Src/usbh_pipes.o
 .debug_info    0x0000000000012154     0x13a0 ./USB_HOST/App/usb_host.o
 .debug_info    0x00000000000134f4     0x2412 ./USB_HOST/Target/usbh_conf.o
 .debug_info    0x0000000000015906      0x29b ./USB_HOST/Target/usbh_platform.o

.debug_abbrev   0x0000000000000000     0x312f
 .debug_abbrev  0x0000000000000000      0x23a ./Core/Src/main.o
 .debug_abbrev  0x000000000000023a      0x1ac ./Core/Src/stm32f4xx_hal_msp.o
 .debug_abbrev  0x00000000000003e6      0x184 ./Core/Src/stm32f4xx_it.o
 .debug_abbrev  0x000000000000056a      0x1bf ./Core/Src/sysmem.o
 .debug_abbrev  0x0000000000000729      0x145 ./Core/Src/system_stm32f4xx.o
 .debug_abbrev  0x000000000000086e       0x12 ./Core/Startup/startup_stm32f407vgtx.o
 .debug_abbrev  0x0000000000000880      0x1ed ./Drivers/STM32F4xx_HAL_Driver/Src/stm32f4xx_hal.o
 .debug_abbrev  0x0000000000000a6d      0x33c ./Drivers/STM32F4xx_HAL_Driver/Src/stm32f4xx_hal_cortex.o
 .debug_abbrev  0x0000000000000da9      0x1f1 ./Drivers/STM32F4xx_HAL_Driver/Src/stm32f4xx_hal_gpio.o
 .debug_abbrev  0x0000000000000f9a      0x28d ./Drivers/STM32F4xx_HAL_Driver/Src/stm32f4xx_hal_hcd.o
 .debug_abbrev  0x0000000000001227      0x282 ./Drivers/STM32F4xx_HAL_Driver/Src/stm32f4xx_hal_i2c.o
 .debug_abbrev  0x00000000000014a9      0x275 ./Drivers/STM32F4xx_HAL_Driver/Src/stm32f4xx_hal_rcc.o
 .debug_abbrev  0x000000000000171e      0x2a7 ./Drivers/STM32F4xx_HAL_Driver/Src/stm32f4xx_ll_usb.o
 .debug_abbrev  0x00000000000019c5      0x352 ./Middlewares/ST/STM32_USB_Host_Library/Class/CDC/Src/usbh_cdc.o
 .debug_abbrev  0x0000000000001d17      0x3b4 ./Middlewares/ST/STM32_USB_Host_Library/Core/Src/usbh_core.o
 .debug_abbrev  0x00000000000020cb      0x367 ./Middlewares/ST/STM32_USB_Host_Library/Core/Src/usbh_ctlreq.o
 .debug_abbrev  0x0000000000002432      0x2b5 ./Middlewares/ST/STM32_USB_Host_Library/Core/Src/usbh_ioreq.o
 .debug_abbrev  0x00000000000026e7      0x2f3 ./Middlewares/ST/STM32_USB_Host_Library/Core/Src/usbh_pipes.o
 .debug_abbrev  0x00000000000029da      0x2a4 ./USB_HOST/App/usb_host.o
 .debug_abbrev  0x0000000000002c7e      0x397 ./USB_HOST/Target/usbh_conf.o
 .debug_abbrev  0x0000000000003015      0x11a ./USB_HOST/Target/usbh_platform.o

.debug_aranges  0x0000000000000000      0xd30
 .debug_aranges
                0x0000000000000000       0x40 ./Core/Src/main.o
 .debug_aranges
                0x0000000000000040       0x30 ./Core/Src/stm32f4xx_hal_msp.o
 .debug_aranges
                0x0000000000000070       0x68 ./Core/Src/stm32f4xx_it.o
 .debug_aranges
                0x00000000000000d8       0x20 ./Core/Src/sysmem.o
 .debug_aranges
                0x00000000000000f8       0x28 ./Core/Src/system_stm32f4xx.o
 .debug_aranges
                0x0000000000000120       0x28 ./Core/Startup/startup_stm32f407vgtx.o
 .debug_aranges
                0x0000000000000148       0xf0 ./Drivers/STM32F4xx_HAL_Driver/Src/stm32f4xx_hal.o
 .debug_aranges
                0x0000000000000238      0x118 ./Drivers/STM32F4xx_HAL_Driver/Src/stm32f4xx_hal_cortex.o
 .debug_aranges
                0x0000000000000350       0x58 ./Drivers/STM32F4xx_HAL_Driver/Src/stm32f4xx_hal_gpio.o
 .debug_aranges
                0x00000000000003a8       0xf8 ./Drivers/STM32F4xx_HAL_Driver/Src/stm32f4xx_hal_hcd.o
 .debug_aranges
                0x00000000000004a0      0x2a0 ./Drivers/STM32F4xx_HAL_Driver/Src/stm32f4xx_hal_i2c.o
 .debug_aranges
                0x0000000000000740       0x88 ./Drivers/STM32F4xx_HAL_Driver/Src/stm32f4xx_hal_rcc.o
 .debug_aranges
                0x00000000000007c8      0x198 ./Drivers/STM32F4xx_HAL_Driver/Src/stm32f4xx_ll_usb.o
 .debug_aranges
                0x0000000000000960       0xa8 ./Middlewares/ST/STM32_USB_Host_Library/Class/CDC/Src/usbh_cdc.o
 .debug_aranges
                0x0000000000000a08       0xc0 ./Middlewares/ST/STM32_USB_Host_Library/Core/Src/usbh_core.o
 .debug_aranges
                0x0000000000000ac8       0xa0 ./Middlewares/ST/STM32_USB_Host_Library/Core/Src/usbh_ctlreq.o
 .debug_aranges
                0x0000000000000b68       0x60 ./Middlewares/ST/STM32_USB_Host_Library/Core/Src/usbh_ioreq.o
 .debug_aranges
                0x0000000000000bc8       0x40 ./Middlewares/ST/STM32_USB_Host_Library/Core/Src/usbh_pipes.o
 .debug_aranges
                0x0000000000000c08       0x30 ./USB_HOST/App/usb_host.o
 .debug_aranges
                0x0000000000000c38       0xd8 ./USB_HOST/Target/usbh_conf.o
 .debug_aranges
                0x0000000000000d10       0x20 ./USB_HOST/Target/usbh_platform.o

.debug_ranges   0x0000000000000000      0xc10
 .debug_ranges  0x0000000000000000       0x30 ./Core/Src/main.o
 .debug_ranges  0x0000000000000030       0x20 ./Core/Src/stm32f4xx_hal_msp.o
 .debug_ranges  0x0000000000000050       0x58 ./Core/Src/stm32f4xx_it.o
 .debug_ranges  0x00000000000000a8       0x10 ./Core/Src/sysmem.o
 .debug_ranges  0x00000000000000b8       0x18 ./Core/Src/system_stm32f4xx.o
 .debug_ranges  0x00000000000000d0       0x20 ./Core/Startup/startup_stm32f407vgtx.o
 .debug_ranges  0x00000000000000f0       0xe0 ./Drivers/STM32F4xx_HAL_Driver/Src/stm32f4xx_hal.o
 .debug_ranges  0x00000000000001d0      0x108 ./Drivers/STM32F4xx_HAL_Driver/Src/stm32f4xx_hal_cortex.o
 .debug_ranges  0x00000000000002d8       0x48 ./Drivers/STM32F4xx_HAL_Driver/Src/stm32f4xx_hal_gpio.o
 .debug_ranges  0x0000000000000320       0xe8 ./Drivers/STM32F4xx_HAL_Driver/Src/stm32f4xx_hal_hcd.o
 .debug_ranges  0x0000000000000408      0x2b8 ./Drivers/STM32F4xx_HAL_Driver/Src/stm32f4xx_hal_i2c.o
 .debug_ranges  0x00000000000006c0       0x78 ./Drivers/STM32F4xx_HAL_Driver/Src/stm32f4xx_hal_rcc.o
 .debug_ranges  0x0000000000000738      0x188 ./Drivers/STM32F4xx_HAL_Driver/Src/stm32f4xx_ll_usb.o
 .debug_ranges  0x00000000000008c0       0x98 ./Middlewares/ST/STM32_USB_Host_Library/Class/CDC/Src/usbh_cdc.o
 .debug_ranges  0x0000000000000958       0xb0 ./Middlewares/ST/STM32_USB_Host_Library/Core/Src/usbh_core.o
 .debug_ranges  0x0000000000000a08       0x90 ./Middlewares/ST/STM32_USB_Host_Library/Core/Src/usbh_ctlreq.o
 .debug_ranges  0x0000000000000a98       0x50 ./Middlewares/ST/STM32_USB_Host_Library/Core/Src/usbh_ioreq.o
 .debug_ranges  0x0000000000000ae8       0x30 ./Middlewares/ST/STM32_USB_Host_Library/Core/Src/usbh_pipes.o
 .debug_ranges  0x0000000000000b18       0x20 ./USB_HOST/App/usb_host.o
 .debug_ranges  0x0000000000000b38       0xc8 ./USB_HOST/Target/usbh_conf.o
 .debug_ranges  0x0000000000000c00       0x10 ./USB_HOST/Target/usbh_platform.o

.debug_macro    0x0000000000000000    0x22aad
 .debug_macro   0x0000000000000000      0x1fc ./Core/Src/main.o
 .debug_macro   0x00000000000001fc      0xaa8 ./Core/Src/main.o
 .debug_macro   0x0000000000000ca4      0x29b ./Core/Src/main.o
 .debug_macro   0x0000000000000f3f       0x2e ./Core/Src/main.o
 .debug_macro   0x0000000000000f6d       0x2f ./Core/Src/main.o
 .debug_macro   0x0000000000000f9c       0x22 ./Core/Src/main.o
 .debug_macro   0x0000000000000fbe       0x8e ./Core/Src/main.o
 .debug_macro   0x000000000000104c       0x51 ./Core/Src/main.o
 .debug_macro   0x000000000000109d      0x103 ./Core/Src/main.o
 .debug_macro   0x00000000000011a0       0x6a ./Core/Src/main.o
 .debug_macro   0x000000000000120a      0x1df ./Core/Src/main.o
 .debug_macro   0x00000000000013e9       0x1c ./Core/Src/main.o
 .debug_macro   0x0000000000001405       0x22 ./Core/Src/main.o
 .debug_macro   0x0000000000001427       0xdf ./Core/Src/main.o
 .debug_macro   0x0000000000001506     0x102d ./Core/Src/main.o
 .debug_macro   0x0000000000002533      0x11f ./Core/Src/main.o
 .debug_macro   0x0000000000002652    0x15e58 ./Core/Src/main.o
 .debug_macro   0x00000000000184aa       0x6d ./Core/Src/main.o
 .debug_macro   0x0000000000018517     0x3666 ./Core/Src/main.o
 .debug_macro   0x000000000001bb7d      0x174 ./Core/Src/main.o
 .debug_macro   0x000000000001bcf1       0x5c ./Core/Src/main.o
 .debug_macro   0x000000000001bd4d      0x96b ./Core/Src/main.o
 .debug_macro   0x000000000001c6b8      0x9fe ./Core/Src/main.o
 .debug_macro   0x000000000001d0b6      0x116 ./Core/Src/main.o
 .debug_macro   0x000000000001d1cc      0x13e ./Core/Src/main.o
 .debug_macro   0x000000000001d30a       0xa5 ./Core/Src/main.o
 .debug_macro   0x000000000001d3af      0x174 ./Core/Src/main.o
 .debug_macro   0x000000000001d523      0x287 ./Core/Src/main.o
 .debug_macro   0x000000000001d7aa       0x5f ./Core/Src/main.o
 .debug_macro   0x000000000001d809      0x236 ./Core/Src/main.o
 .debug_macro   0x000000000001da3f      0x12c ./Core/Src/main.o
 .debug_macro   0x000000000001db6b      0x21e ./Core/Src/main.o
 .debug_macro   0x000000000001dd89       0x2e ./Core/Src/main.o
 .debug_macro   0x000000000001ddb7      0x1b5 ./Core/Src/main.o
 .debug_macro   0x000000000001df6c       0xd6 ./Core/Src/main.o
 .debug_macro   0x000000000001e042      0x11a ./Core/Src/main.o
 .debug_macro   0x000000000001e15c       0x7e ./Core/Src/main.o
 .debug_macro   0x000000000001e1da       0x89 ./Core/Src/main.o
 .debug_macro   0x000000000001e263      0x21e ./Core/Src/main.o
 .debug_macro   0x000000000001e481       0x7c ./Core/Src/main.o
 .debug_macro   0x000000000001e4fd      0x12d ./Core/Src/main.o
 .debug_macro   0x000000000001e62a      0x154 ./Core/Src/main.o
 .debug_macro   0x000000000001e77e      0x1f2 ./Core/Src/stm32f4xx_hal_msp.o
 .debug_macro   0x000000000001e970      0x1fc ./Core/Src/stm32f4xx_it.o
 .debug_macro   0x000000000001eb6c       0xff ./Core/Src/sysmem.o
 .debug_macro   0x000000000001ec6b      0x23b ./Core/Src/sysmem.o
 .debug_macro   0x000000000001eea6      0x1e3 ./Core/Src/system_stm32f4xx.o
 .debug_macro   0x000000000001f089      0x243 ./Drivers/STM32F4xx_HAL_Driver/Src/stm32f4xx_hal.o
 .debug_macro   0x000000000001f2cc      0x1e3 ./Drivers/STM32F4xx_HAL_Driver/Src/stm32f4xx_hal_cortex.o
 .debug_macro   0x000000000001f4af      0x1e9 ./Drivers/STM32F4xx_HAL_Driver/Src/stm32f4xx_hal_gpio.o
 .debug_macro   0x000000000001f698      0x1e3 ./Drivers/STM32F4xx_HAL_Driver/Src/stm32f4xx_hal_hcd.o
 .debug_macro   0x000000000001f87b      0x22a ./Drivers/STM32F4xx_HAL_Driver/Src/stm32f4xx_hal_i2c.o
 .debug_macro   0x000000000001faa5      0x207 ./Drivers/STM32F4xx_HAL_Driver/Src/stm32f4xx_hal_rcc.o
 .debug_macro   0x000000000001fcac      0x1e3 ./Drivers/STM32F4xx_HAL_Driver/Src/stm32f4xx_ll_usb.o
 .debug_macro   0x000000000001fe8f      0x411 ./Middlewares/ST/STM32_USB_Host_Library/Class/CDC/Src/usbh_cdc.o
 .debug_macro   0x00000000000202a0       0x16 ./Middlewares/ST/STM32_USB_Host_Library/Class/CDC/Src/usbh_cdc.o
 .debug_macro   0x00000000000202b6       0x97 ./Middlewares/ST/STM32_USB_Host_Library/Class/CDC/Src/usbh_cdc.o
 .debug_macro   0x000000000002034d       0xfd ./Middlewares/ST/STM32_USB_Host_Library/Class/CDC/Src/usbh_cdc.o
 .debug_macro   0x000000000002044a       0x16 ./Middlewares/ST/STM32_USB_Host_Library/Class/CDC/Src/usbh_cdc.o
 .debug_macro   0x0000000000020460       0x20 ./Middlewares/ST/STM32_USB_Host_Library/Class/CDC/Src/usbh_cdc.o
 .debug_macro   0x0000000000020480       0xd9 ./Middlewares/ST/STM32_USB_Host_Library/Class/CDC/Src/usbh_cdc.o
 .debug_macro   0x0000000000020559       0x56 ./Middlewares/ST/STM32_USB_Host_Library/Class/CDC/Src/usbh_cdc.o
 .debug_macro   0x00000000000205af       0x73 ./Middlewares/ST/STM32_USB_Host_Library/Class/CDC/Src/usbh_cdc.o
 .debug_macro   0x0000000000020622      0x218 ./Middlewares/ST/STM32_USB_Host_Library/Class/CDC/Src/usbh_cdc.o
 .debug_macro   0x000000000002083a       0x2e ./Middlewares/ST/STM32_USB_Host_Library/Class/CDC/Src/usbh_cdc.o
 .debug_macro   0x0000000000020868       0x2e ./Middlewares/ST/STM32_USB_Host_Library/Class/CDC/Src/usbh_cdc.o
 .debug_macro   0x0000000000020896       0x28 ./Middlewares/ST/STM32_USB_Host_Library/Class/CDC/Src/usbh_cdc.o
 .debug_macro   0x00000000000208be      0x15c ./Middlewares/ST/STM32_USB_Host_Library/Class/CDC/Src/usbh_cdc.o
 .debug_macro   0x0000000000020a1a      0x40e ./Middlewares/ST/STM32_USB_Host_Library/Core/Src/usbh_core.o
 .debug_macro   0x0000000000020e28      0x406 ./Middlewares/ST/STM32_USB_Host_Library/Core/Src/usbh_ctlreq.o
 .debug_macro   0x000000000002122e       0x28 ./Middlewares/ST/STM32_USB_Host_Library/Core/Src/usbh_ctlreq.o
 .debug_macro   0x0000000000021256      0x400 ./Middlewares/ST/STM32_USB_Host_Library/Core/Src/usbh_ioreq.o
 .debug_macro   0x0000000000021656      0x400 ./Middlewares/ST/STM32_USB_Host_Library/Core/Src/usbh_pipes.o
 .debug_macro   0x0000000000021a56      0x40f ./USB_HOST/App/usb_host.o
 .debug_macro   0x0000000000021e65       0x52 ./USB_HOST/App/usb_host.o
 .debug_macro   0x0000000000021eb7      0x333 ./USB_HOST/App/usb_host.o
 .debug_macro   0x00000000000221ea      0x15a ./USB_HOST/App/usb_host.o
 .debug_macro   0x0000000000022344      0x162 ./USB_HOST/App/usb_host.o
 .debug_macro   0x00000000000224a6      0x410 ./USB_HOST/Target/usbh_conf.o
 .debug_macro   0x00000000000228b6      0x1f7 ./USB_HOST/Target/usbh_platform.o

.debug_line     0x0000000000000000    0x11aa0
 .debug_line    0x0000000000000000      0x872 ./Core/Src/main.o
 .debug_line    0x0000000000000872      0x72b ./Core/Src/stm32f4xx_hal_msp.o
 .debug_line    0x0000000000000f9d      0x7b6 ./Core/Src/stm32f4xx_it.o
 .debug_line    0x0000000000001753      0x4f8 ./Core/Src/sysmem.o
 .debug_line    0x0000000000001c4b      0x75d ./Core/Src/system_stm32f4xx.o
 .debug_line    0x00000000000023a8       0x88 ./Core/Startup/startup_stm32f407vgtx.o
 .debug_line    0x0000000000002430      0x9c3 ./Drivers/STM32F4xx_HAL_Driver/Src/stm32f4xx_hal.o
 .debug_line    0x0000000000002df3      0xc72 ./Drivers/STM32F4xx_HAL_Driver/Src/stm32f4xx_hal_cortex.o
 .debug_line    0x0000000000003a65      0xb39 ./Drivers/STM32F4xx_HAL_Driver/Src/stm32f4xx_hal_gpio.o
 .debug_line    0x000000000000459e     0x11e8 ./Drivers/STM32F4xx_HAL_Driver/Src/stm32f4xx_hal_hcd.o
 .debug_line    0x0000000000005786     0x396f ./Drivers/STM32F4xx_HAL_Driver/Src/stm32f4xx_hal_i2c.o
 .debug_line    0x00000000000090f5      0xd3f ./Drivers/STM32F4xx_HAL_Driver/Src/stm32f4xx_hal_rcc.o
 .debug_line    0x0000000000009e34     0x1952 ./Drivers/STM32F4xx_HAL_Driver/Src/stm32f4xx_ll_usb.o
 .debug_line    0x000000000000b786      0xeee ./Middlewares/ST/STM32_USB_Host_Library/Class/CDC/Src/usbh_cdc.o
 .debug_line    0x000000000000c674     0x114c ./Middlewares/ST/STM32_USB_Host_Library/Core/Src/usbh_core.o
 .debug_line    0x000000000000d7c0      0xf00 ./Middlewares/ST/STM32_USB_Host_Library/Core/Src/usbh_ctlreq.o
 .debug_line    0x000000000000e6c0      0xaca ./Middlewares/ST/STM32_USB_Host_Library/Core/Src/usbh_ioreq.o
 .debug_line    0x000000000000f18a      0xa74 ./Middlewares/ST/STM32_USB_Host_Library/Core/Src/usbh_pipes.o
 .debug_line    0x000000000000fbfe      0xa5e ./USB_HOST/App/usb_host.o
 .debug_line    0x000000000001065c      0xd36 ./USB_HOST/Target/usbh_conf.o
 .debug_line    0x0000000000011392      0x70e ./USB_HOST/Target/usbh_platform.o

.debug_str      0x0000000000000000    0xc7b62
 .debug_str     0x0000000000000000    0xbdad8 ./Core/Src/main.o
                                      0xbddd1 (size before relaxing)
 .debug_str     0x00000000000bdad8       0x53 ./Core/Src/stm32f4xx_hal_msp.o
                                      0xbdc4a (size before relaxing)
 .debug_str     0x00000000000bdb2b      0x43d ./Core/Src/stm32f4xx_it.o
                                      0xbda9b (size before relaxing)
 .debug_str     0x00000000000bdf68     0x2213 ./Core/Src/sysmem.o
                                       0x62a3 (size before relaxing)
 .debug_str     0x00000000000c017b       0xaf ./Core/Src/system_stm32f4xx.o
                                      0xbd1db (size before relaxing)
 .debug_str     0x00000000000c022a       0x36 ./Core/Startup/startup_stm32f407vgtx.o
                                         0x74 (size before relaxing)
 .debug_str     0x00000000000c0260      0xa5e ./Drivers/STM32F4xx_HAL_Driver/Src/stm32f4xx_hal.o
                                      0xbdcbd (size before relaxing)
 .debug_str     0x00000000000c0cbe      0x392 ./Drivers/STM32F4xx_HAL_Driver/Src/stm32f4xx_hal_cortex.o
                                      0xbdaac (size before relaxing)
 .debug_str     0x00000000000c1050      0x15f ./Drivers/STM32F4xx_HAL_Driver/Src/stm32f4xx_hal_gpio.o
                                      0xbd382 (size before relaxing)
 .debug_str     0x00000000000c11af      0x400 ./Drivers/STM32F4xx_HAL_Driver/Src/stm32f4xx_hal_hcd.o
                                      0xbd88c (size before relaxing)
 .debug_str     0x00000000000c15af      0xaa6 ./Drivers/STM32F4xx_HAL_Driver/Src/stm32f4xx_hal_i2c.o
                                      0xbe15d (size before relaxing)
 .debug_str     0x00000000000c2055      0x24e ./Drivers/STM32F4xx_HAL_Driver/Src/stm32f4xx_hal_rcc.o
                                      0xbd5dd (size before relaxing)
 .debug_str     0x00000000000c22a3      0x648 ./Drivers/STM32F4xx_HAL_Driver/Src/stm32f4xx_ll_usb.o
                                      0xbdafc (size before relaxing)
 .debug_str     0x00000000000c28eb     0x49da ./Middlewares/ST/STM32_USB_Host_Library/Class/CDC/Src/usbh_cdc.o
                                      0xc3e3a (size before relaxing)
 .debug_str     0x00000000000c72c5      0x266 ./Middlewares/ST/STM32_USB_Host_Library/Core/Src/usbh_core.o
                                      0xc3340 (size before relaxing)
 .debug_str     0x00000000000c752b      0x222 ./Middlewares/ST/STM32_USB_Host_Library/Core/Src/usbh_ctlreq.o
                                      0xc3364 (size before relaxing)
 .debug_str     0x00000000000c774d       0xfe ./Middlewares/ST/STM32_USB_Host_Library/Core/Src/usbh_ioreq.o
                                      0xc31df (size before relaxing)
 .debug_str     0x00000000000c784b       0x97 ./Middlewares/ST/STM32_USB_Host_Library/Core/Src/usbh_pipes.o
                                      0xc3164 (size before relaxing)
 .debug_str     0x00000000000c78e2       0xc7 ./USB_HOST/App/usb_host.o
                                      0xc3851 (size before relaxing)
 .debug_str     0x00000000000c79a9      0x186 ./USB_HOST/Target/usbh_conf.o
                                      0xc3e9e (size before relaxing)
 .debug_str     0x00000000000c7b2f       0x33 ./USB_HOST/Target/usbh_platform.o
                                      0xbd104 (size before relaxing)

.comment        0x0000000000000000       0x53
 .comment       0x0000000000000000       0x53 ./Core/Src/main.o
                                         0x54 (size before relaxing)
 .comment       0x0000000000000053       0x54 ./Core/Src/stm32f4xx_hal_msp.o
 .comment       0x0000000000000053       0x54 ./Core/Src/stm32f4xx_it.o
 .comment       0x0000000000000053       0x54 ./Core/Src/sysmem.o
 .comment       0x0000000000000053       0x54 ./Core/Src/system_stm32f4xx.o
 .comment       0x0000000000000053       0x54 ./Drivers/STM32F4xx_HAL_Driver/Src/stm32f4xx_hal.o
 .comment       0x0000000000000053       0x54 ./Drivers/STM32F4xx_HAL_Driver/Src/stm32f4xx_hal_cortex.o
 .comment       0x0000000000000053       0x54 ./Drivers/STM32F4xx_HAL_Driver/Src/stm32f4xx_hal_gpio.o
 .comment       0x0000000000000053       0x54 ./Drivers/STM32F4xx_HAL_Driver/Src/stm32f4xx_hal_hcd.o
 .comment       0x0000000000000053       0x54 ./Drivers/STM32F4xx_HAL_Driver/Src/stm32f4xx_hal_i2c.o
 .comment       0x0000000000000053       0x54 ./Drivers/STM32F4xx_HAL_Driver/Src/stm32f4xx_hal_rcc.o
 .comment       0x0000000000000053       0x54 ./Drivers/STM32F4xx_HAL_Driver/Src/stm32f4xx_ll_usb.o
 .comment       0x0000000000000053       0x54 ./Middlewares/ST/STM32_USB_Host_Library/Class/CDC/Src/usbh_cdc.o
 .comment       0x0000000000000053       0x54 ./Middlewares/ST/STM32_USB_Host_Library/Core/Src/usbh_core.o
 .comment       0x0000000000000053       0x54 ./Middlewares/ST/STM32_USB_Host_Library/Core/Src/usbh_ctlreq.o
 .comment       0x0000000000000053       0x54 ./Middlewares/ST/STM32_USB_Host_Library/Core/Src/usbh_ioreq.o
 .comment       0x0000000000000053       0x54 ./Middlewares/ST/STM32_USB_Host_Library/Core/Src/usbh_pipes.o
 .comment       0x0000000000000053       0x54 ./USB_HOST/App/usb_host.o
 .comment       0x0000000000000053       0x54 ./USB_HOST/Target/usbh_conf.o
 .comment       0x0000000000000053       0x54 ./USB_HOST/Target/usbh_platform.o

.debug_frame    0x0000000000000000     0x37fc
 .debug_frame   0x0000000000000000       0xac ./Core/Src/main.o
 .debug_frame   0x00000000000000ac       0x7c ./Core/Src/stm32f4xx_hal_msp.o
 .debug_frame   0x0000000000000128      0x120 ./Core/Src/stm32f4xx_it.o
 .debug_frame   0x0000000000000248       0x34 ./Core/Src/sysmem.o
 .debug_frame   0x000000000000027c       0x58 ./Core/Src/system_stm32f4xx.o
 .debug_frame   0x00000000000002d4      0x374 ./Drivers/STM32F4xx_HAL_Driver/Src/stm32f4xx_hal.o
 .debug_frame   0x0000000000000648      0x498 ./Drivers/STM32F4xx_HAL_Driver/Src/stm32f4xx_hal_cortex.o
 .debug_frame   0x0000000000000ae0      0x14c ./Drivers/STM32F4xx_HAL_Driver/Src/stm32f4xx_hal_gpio.o
 .debug_frame   0x0000000000000c2c      0x450 ./Drivers/STM32F4xx_HAL_Driver/Src/stm32f4xx_hal_hcd.o
 .debug_frame   0x000000000000107c      0xc5c ./Drivers/STM32F4xx_HAL_Driver/Src/stm32f4xx_hal_i2c.o
 .debug_frame   0x0000000000001cd8      0x1f0 ./Drivers/STM32F4xx_HAL_Driver/Src/stm32f4xx_hal_rcc.o
 .debug_frame   0x0000000000001ec8      0x798 ./Drivers/STM32F4xx_HAL_Driver/Src/stm32f4xx_ll_usb.o
 .debug_frame   0x0000000000002660      0x2c0 ./Middlewares/ST/STM32_USB_Host_Library/Class/CDC/Src/usbh_cdc.o
 .debug_frame   0x0000000000002920      0x338 ./Middlewares/ST/STM32_USB_Host_Library/Core/Src/usbh_core.o
 .debug_frame   0x0000000000002c58      0x28c ./Middlewares/ST/STM32_USB_Host_Library/Core/Src/usbh_ctlreq.o
 .debug_frame   0x0000000000002ee4      0x154 ./Middlewares/ST/STM32_USB_Host_Library/Core/Src/usbh_ioreq.o
 .debug_frame   0x0000000000003038       0xcc ./Middlewares/ST/STM32_USB_Host_Library/Core/Src/usbh_pipes.o
 .debug_frame   0x0000000000003104       0x70 ./USB_HOST/App/usb_host.o
 .debug_frame   0x0000000000003174      0x388 ./USB_HOST/Target/usbh_conf.o
 .debug_frame   0x00000000000034fc       0x34 ./USB_HOST/Target/usbh_platform.o
 .debug_frame   0x0000000000003530       0x20 c:/st/stm32cubeide_1.7.0/stm32cubeide/plugins/com.st.stm32cube.ide.mcu.externaltools.gnu-tools-for-stm32.9-2020-q2-update.win32_2.0.0.202105311346/tools/bin/../lib/gcc/arm-none-eabi/9.3.1/../../../../arm-none-eabi/lib/thumb/v7e-m+fp/hard\libc_nano.a(lib_a-errno.o)
 .debug_frame   0x0000000000003550       0x2c c:/st/stm32cubeide_1.7.0/stm32cubeide/plugins/com.st.stm32cube.ide.mcu.externaltools.gnu-tools-for-stm32.9-2020-q2-update.win32_2.0.0.202105311346/tools/bin/../lib/gcc/arm-none-eabi/9.3.1/../../../../arm-none-eabi/lib/thumb/v7e-m+fp/hard\libc_nano.a(lib_a-init.o)
 .debug_frame   0x000000000000357c       0x30 c:/st/stm32cubeide_1.7.0/stm32cubeide/plugins/com.st.stm32cube.ide.mcu.externaltools.gnu-tools-for-stm32.9-2020-q2-update.win32_2.0.0.202105311346/tools/bin/../lib/gcc/arm-none-eabi/9.3.1/../../../../arm-none-eabi/lib/thumb/v7e-m+fp/hard\libc_nano.a(lib_a-malloc.o)
 .debug_frame   0x00000000000035ac       0x20 c:/st/stm32cubeide_1.7.0/stm32cubeide/plugins/com.st.stm32cube.ide.mcu.externaltools.gnu-tools-for-stm32.9-2020-q2-update.win32_2.0.0.202105311346/tools/bin/../lib/gcc/arm-none-eabi/9.3.1/../../../../arm-none-eabi/lib/thumb/v7e-m+fp/hard\libc_nano.a(lib_a-memset.o)
 .debug_frame   0x00000000000035cc       0x38 c:/st/stm32cubeide_1.7.0/stm32cubeide/plugins/com.st.stm32cube.ide.mcu.externaltools.gnu-tools-for-stm32.9-2020-q2-update.win32_2.0.0.202105311346/tools/bin/../lib/gcc/arm-none-eabi/9.3.1/../../../../arm-none-eabi/lib/thumb/v7e-m+fp/hard\libc_nano.a(lib_a-nano-freer.o)
 .debug_frame   0x0000000000003604       0x30 c:/st/stm32cubeide_1.7.0/stm32cubeide/plugins/com.st.stm32cube.ide.mcu.externaltools.gnu-tools-for-stm32.9-2020-q2-update.win32_2.0.0.202105311346/tools/bin/../lib/gcc/arm-none-eabi/9.3.1/../../../../arm-none-eabi/lib/thumb/v7e-m+fp/hard\libc_nano.a(lib_a-nano-mallocr.o)
 .debug_frame   0x0000000000003634       0x2c c:/st/stm32cubeide_1.7.0/stm32cubeide/plugins/com.st.stm32cube.ide.mcu.externaltools.gnu-tools-for-stm32.9-2020-q2-update.win32_2.0.0.202105311346/tools/bin/../lib/gcc/arm-none-eabi/9.3.1/../../../../arm-none-eabi/lib/thumb/v7e-m+fp/hard\libc_nano.a(lib_a-sbrkr.o)
 .debug_frame   0x0000000000003660       0x30 c:/st/stm32cubeide_1.7.0/stm32cubeide/plugins/com.st.stm32cube.ide.mcu.externaltools.gnu-tools-for-stm32.9-2020-q2-update.win32_2.0.0.202105311346/tools/bin/../lib/gcc/arm-none-eabi/9.3.1/../../../../arm-none-eabi/lib/thumb/v7e-m+fp/hard\libc_nano.a(lib_a-mlock.o)
 .debug_frame   0x0000000000003690       0x5c c:/st/stm32cubeide_1.7.0/stm32cubeide/plugins/com.st.stm32cube.ide.mcu.externaltools.gnu-tools-for-stm32.9-2020-q2-update.win32_2.0.0.202105311346/tools/bin/../lib/gcc/arm-none-eabi/9.3.1/../../../../arm-none-eabi/lib/thumb/v7e-m+fp/hard\libc_nano.a(lib_a-reent.o)